<html>
<body>
<pre>
<h1>µVision Build Log</h1>
<h2>Tool Versions:</h2>
IDE-Version: ¦ÌVision V5.39.0.0
Copyright (C) 2023 ARM Ltd and ARM Germany GmbH. All rights reserved.
License Information: humengjie 2649142163@qq.com, ghrnj, LIC=D0D7S-L2J76-Z9QG9-4FGNR-YUSXX-VJ4U4
 
Tool Versions:
Toolchain:       MDK-ARM Plus  Version: 5.39.0.0
Toolchain Path:  D:\keil_v5\ARM\ARMCLANG\Bin
C Compiler:      ArmClang.exe V6.21
Assembler:       Armasm.exe V6.21
Linker/Locator:  ArmLink.exe V6.21
Library Manager: ArmAr.exe V6.21
Hex Converter:   FromElf.exe V6.21
CPU DLL:         SARMCM3.DLL V5.39.0.0
Dialog DLL:      DCM.DLL V1.17.5.0
Target DLL:      CMSIS_AGDI.dll V1.33.16.0
Dialog DLL:      TCM.DLL V1.56.4.0
 
<h2>Project:</h2>
D:\keil_v5\GD32code\01_heima\02_GD32F407_GPIO\13_GD32_PMU\3_GD32_PMU3\Project\GD32F407.uvprojx
Project File Date:  06/23/2026

<h2>Output:</h2>
*** Using Compiler 'V6.21', folder: 'D:\keil_v5\ARM\ARMCLANG\Bin'
Rebuild target 'Target 1'
compiling gd32f4xx_it.c...
compiling main.c...
compiling gd32f4xx_gpio.c...
compiling gd32f4xx_misc.c...
compiling gd32f4xx_exti.c...
compiling systick.c...
compiling system_gd32f4xx.c...
compiling gd32f4xx_syscfg.c...
assembling startup_gd32f407_427.s...
compiling gd32f4xx_rcu.c...
compiling gd32f4xx_usart.c...
compiling gd32f4xx_timer.c...
compiling gd32f4xx_pmu.c...
compiling gd32f4xx_wwdgt.c...
compiling gd32f4xx_dma.c...
compiling gd32f4xx_fwdgt.c...
compiling gd32f4xx_rtc.c...
compiling gd32f4xx_dbg.c...
compiling gd32f4xx_i2c.c...
compiling gd32f4xx_spi.c...
compiling bsp_leds.c...
compiling gd32f4xx_adc.c...
compiling bsp_keys.c...
compiling gd32f4xx_can.c...
compiling bsp_DHT11.c...
compiling bsp_MatrixKeys.c...
compiling bsp_PCF8563.c...
compiling bsp_Nixie.c...
compiling bsp_NTC.c...
compiling USART0.c...
compiling spi_flash.c...
compiling EXTI.c...
compiling oled.c...
compiling rtc_time.c...
compiling USART2.c...
compiling TIMER.c...
compiling I2C0_soft.c...
compiling I2C0_hard.c...
compiling SPI0_soft.c...
compiling ADC.c...
compiling SPI0_hard.c...
compiling can.c...
linking...
Program Size: Code=4272 RO-data=472 RW-data=8 ZI-data=1192  
FromELF: creating hex file...
".\Objects\GD32F407.axf" - 0 Error(s), 0 Warning(s).

<h2>Software Packages used:</h2>

Package Vendor: GigaDevice
                https://gd32mcu.com/data/documents/pack/GigaDevice.GD32F4xx_DFP.3.2.0.pack
                GigaDevice::GD32F4xx_DFP@3.2.0
                GigaDevice GD32F4xx Series Device Support and Examples

<h2>Collection of Component include folders:</h2>
  D:/keil_v5/1RAM/GigaDevice/GD32F4xx_DFP/3.2.0/Device/F4XX/Include

<h2>Collection of Component Files used:</h2>
Build Time Elapsed:  00:00:02
</pre>
</body>
</html>
