Component: Arm Compiler for Embedded 6.21 Tool: armlink [5ec1fa00]

==============================================================================

Section Cross References

    gd32f4xx_it.o(.ARM.exidx.text.NMI_Handler) refers to gd32f4xx_it.o(.text.NMI_Handler) for [Anonymous Symbol]
    gd32f4xx_it.o(.ARM.exidx.text.HardFault_Handler) refers to gd32f4xx_it.o(.text.HardFault_Handler) for [Anonymous Symbol]
    gd32f4xx_it.o(.ARM.exidx.text.MemManage_Handler) refers to gd32f4xx_it.o(.text.MemManage_Handler) for [Anonymous Symbol]
    gd32f4xx_it.o(.ARM.exidx.text.BusFault_Handler) refers to gd32f4xx_it.o(.text.BusFault_Handler) for [Anonymous Symbol]
    gd32f4xx_it.o(.ARM.exidx.text.UsageFault_Handler) refers to gd32f4xx_it.o(.text.UsageFault_Handler) for [Anonymous Symbol]
    gd32f4xx_it.o(.ARM.exidx.text.SVC_Handler) refers to gd32f4xx_it.o(.text.SVC_Handler) for [Anonymous Symbol]
    gd32f4xx_it.o(.ARM.exidx.text.DebugMon_Handler) refers to gd32f4xx_it.o(.text.DebugMon_Handler) for [Anonymous Symbol]
    gd32f4xx_it.o(.ARM.exidx.text.PendSV_Handler) refers to gd32f4xx_it.o(.text.PendSV_Handler) for [Anonymous Symbol]
    gd32f4xx_it.o(.text.SysTick_Handler) refers to systick.o(.text.delay_decrement) for delay_decrement
    gd32f4xx_it.o(.ARM.exidx.text.SysTick_Handler) refers to gd32f4xx_it.o(.text.SysTick_Handler) for [Anonymous Symbol]
    systick.o(.text.systick_config) refers to system_gd32f4xx.o(.data.SystemCoreClock) for SystemCoreClock
    systick.o(.ARM.exidx.text.systick_config) refers to systick.o(.text.systick_config) for [Anonymous Symbol]
    systick.o(.text.delay_1ms) refers to systick.o(.bss.delay) for delay
    systick.o(.ARM.exidx.text.delay_1ms) refers to systick.o(.text.delay_1ms) for [Anonymous Symbol]
    systick.o(.text.delay_1us) refers to systick.o(.bss.delay) for delay
    systick.o(.ARM.exidx.text.delay_1us) refers to systick.o(.text.delay_1us) for [Anonymous Symbol]
    systick.o(.text.delay_decrement) refers to systick.o(.bss.tick_us) for tick_us
    systick.o(.text.delay_decrement) refers to systick.o(.bss.delay) for delay
    systick.o(.ARM.exidx.text.delay_decrement) refers to systick.o(.text.delay_decrement) for [Anonymous Symbol]
    systick.o(.text.get_tick_us) refers to systick.o(.bss.tick_us) for tick_us
    systick.o(.ARM.exidx.text.get_tick_us) refers to systick.o(.text.get_tick_us) for [Anonymous Symbol]
    main.o(.text.USART0_on_recv) refers to main.o(.bss.flag) for flag
    main.o(.ARM.exidx.text.USART0_on_recv) refers to main.o(.text.USART0_on_recv) for [Anonymous Symbol]
    main.o(.text.sleep_mode) refers to gd32f4xx_rcu.o(.text.rcu_periph_clock_enable) for rcu_periph_clock_enable
    main.o(.text.sleep_mode) refers to gd32f4xx_pmu.o(.text.pmu_to_sleepmode) for pmu_to_sleepmode
    main.o(.text.sleep_mode) refers to main.o(.rodata.str1.1) for .Lstr
    main.o(.text.sleep_mode) refers to puts.o(i.puts) for puts
    main.o(.ARM.exidx.text.sleep_mode) refers to main.o(.text.sleep_mode) for [Anonymous Symbol]
    main.o(.text.deep_sleep_mode) refers to gd32f4xx_rcu.o(.text.rcu_periph_clock_enable) for rcu_periph_clock_enable
    main.o(.text.deep_sleep_mode) refers to gd32f4xx_pmu.o(.text.pmu_to_deepsleepmode) for pmu_to_deepsleepmode
    main.o(.text.deep_sleep_mode) refers to system_gd32f4xx.o(.text.SystemInit) for SystemInit
    main.o(.text.deep_sleep_mode) refers to main.o(.rodata.str1.1) for .Lstr.4
    main.o(.text.deep_sleep_mode) refers to puts.o(i.puts) for puts
    main.o(.ARM.exidx.text.deep_sleep_mode) refers to main.o(.text.deep_sleep_mode) for [Anonymous Symbol]
    main.o(.text.standby_mode) refers to gd32f4xx_rcu.o(.text.rcu_periph_clock_enable) for rcu_periph_clock_enable
    main.o(.text.standby_mode) refers to gd32f4xx_pmu.o(.text.pmu_flag_clear) for pmu_flag_clear
    main.o(.text.standby_mode) refers to gd32f4xx_pmu.o(.text.pmu_wakeup_pin_enable) for pmu_wakeup_pin_enable
    main.o(.text.standby_mode) refers to gd32f4xx_pmu.o(.text.pmu_to_standbymode) for pmu_to_standbymode
    main.o(.text.standby_mode) refers to main.o(.rodata.str1.1) for .Lstr.5
    main.o(.text.standby_mode) refers to puts.o(i.puts) for puts
    main.o(.ARM.exidx.text.standby_mode) refers to main.o(.text.standby_mode) for [Anonymous Symbol]
    main.o(.text.EXTI1_on_trig) refers to puts.o(i.puts) for puts
    main.o(.ARM.exidx.text.EXTI1_on_trig) refers to main.o(.text.EXTI1_on_trig) for [Anonymous Symbol]
    main.o(.text.main) refers to gd32f4xx_misc.o(.text.nvic_priority_group_set) for nvic_priority_group_set
    main.o(.text.main) refers to systick.o(.text.systick_config) for systick_config
    main.o(.text.main) refers to usart0.o(.text.USART0_init) for USART0_init
    main.o(.text.main) refers to exti.o(.text.EXTI_Init) for EXTI_Init
    main.o(.text.main) refers to gd32f4xx_rcu.o(.text.rcu_periph_clock_enable) for rcu_periph_clock_enable
    main.o(.text.main) refers to gd32f4xx_gpio.o(.text.gpio_mode_set) for gpio_mode_set
[...]
    Removing gd32f4xx_adc.o(.ARM.exidx.text.adc_dma_request_after_last_disable), (8 bytes).
    Removing gd32f4xx_adc.o(.text.adc_discontinuous_mode_config), (66 bytes).
    Removing gd32f4xx_adc.o(.ARM.exidx.text.adc_discontinuous_mode_config), (8 bytes).
    Removing gd32f4xx_adc.o(.text.adc_channel_length_config), (70 bytes).
    Removing gd32f4xx_adc.o(.ARM.exidx.text.adc_channel_length_config), (8 bytes).
    Removing gd32f4xx_adc.o(.text.adc_routine_channel_config), (116 bytes).
    Removing gd32f4xx_adc.o(.ARM.exidx.text.adc_routine_channel_config), (8 bytes).
    Removing gd32f4xx_adc.o(.text.adc_inserted_channel_config), (106 bytes).
    Removing gd32f4xx_adc.o(.ARM.exidx.text.adc_inserted_channel_config), (8 bytes).
    Removing gd32f4xx_adc.o(.text.adc_inserted_channel_offset_config), (26 bytes).
    Removing gd32f4xx_adc.o(.ARM.exidx.text.adc_inserted_channel_offset_config), (8 bytes).
    Removing gd32f4xx_adc.o(.text.adc_external_trigger_source_config), (34 bytes).
    Removing gd32f4xx_adc.o(.ARM.exidx.text.adc_external_trigger_source_config), (8 bytes).
    Removing gd32f4xx_adc.o(.text.adc_external_trigger_config), (46 bytes).
    Removing gd32f4xx_adc.o(.ARM.exidx.text.adc_external_trigger_config), (8 bytes).
    Removing gd32f4xx_adc.o(.text.adc_software_trigger_enable), (28 bytes).
    Removing gd32f4xx_adc.o(.ARM.exidx.text.adc_software_trigger_enable), (8 bytes).
    Removing gd32f4xx_adc.o(.text.adc_end_of_conversion_config), (30 bytes).
    Removing gd32f4xx_adc.o(.ARM.exidx.text.adc_end_of_conversion_config), (8 bytes).
    Removing gd32f4xx_adc.o(.text.adc_routine_data_read), (6 bytes).
    Removing gd32f4xx_adc.o(.ARM.exidx.text.adc_routine_data_read), (8 bytes).
    Removing gd32f4xx_adc.o(.text.adc_inserted_data_read), (16 bytes).
    Removing gd32f4xx_adc.o(.ARM.exidx.text.adc_inserted_data_read), (8 bytes).
    Removing gd32f4xx_adc.o(.text.adc_watchdog_single_channel_disable), (10 bytes).
    Removing gd32f4xx_adc.o(.ARM.exidx.text.adc_watchdog_single_channel_disable), (8 bytes).
    Removing gd32f4xx_adc.o(.text.adc_watchdog_single_channel_enable), (24 bytes).
    Removing gd32f4xx_adc.o(.ARM.exidx.text.adc_watchdog_single_channel_enable), (8 bytes).
    Removing gd32f4xx_adc.o(.text.adc_watchdog_sequence_channel_enable), (52 bytes).
    Removing gd32f4xx_adc.o(.ARM.exidx.text.adc_watchdog_sequence_channel_enable), (8 bytes).
    Removing gd32f4xx_adc.o(.text.adc_watchdog_disable), (40 bytes).
    Removing gd32f4xx_adc.o(.ARM.exidx.text.adc_watchdog_disable), (8 bytes).
    Removing gd32f4xx_adc.o(.text.adc_watchdog_threshold_config), (14 bytes).
    Removing gd32f4xx_adc.o(.ARM.exidx.text.adc_watchdog_threshold_config), (8 bytes).
    Removing gd32f4xx_adc.o(.text.adc_flag_get), (10 bytes).
    Removing gd32f4xx_adc.o(.ARM.exidx.text.adc_flag_get), (8 bytes).
    Removing gd32f4xx_adc.o(.text.adc_flag_clear), (10 bytes).
    Removing gd32f4xx_adc.o(.ARM.exidx.text.adc_flag_clear), (8 bytes).
    Removing gd32f4xx_adc.o(.text.adc_routine_software_startconv_flag_get), (8 bytes).
    Removing gd32f4xx_adc.o(.ARM.exidx.text.adc_routine_software_startconv_flag_get), (8 bytes).
    Removing gd32f4xx_adc.o(.text.adc_inserted_software_startconv_flag_get), (8 bytes).
    Removing gd32f4xx_adc.o(.ARM.exidx.text.adc_inserted_software_startconv_flag_get), (8 bytes).
    Removing gd32f4xx_adc.o(.text.adc_interrupt_flag_get), (96 bytes).
    Removing gd32f4xx_adc.o(.ARM.exidx.text.adc_interrupt_flag_get), (8 bytes).
    Removing gd32f4xx_adc.o(.text.adc_interrupt_flag_clear), (10 bytes).
    Removing gd32f4xx_adc.o(.ARM.exidx.text.adc_interrupt_flag_clear), (8 bytes).
    Removing gd32f4xx_adc.o(.text.adc_interrupt_enable), (34 bytes).
    Removing gd32f4xx_adc.o(.ARM.exidx.text.adc_interrupt_enable), (8 bytes).
    Removing gd32f4xx_adc.o(.text.adc_interrupt_disable), (36 bytes).
    Removing gd32f4xx_adc.o(.ARM.exidx.text.adc_interrupt_disable), (8 bytes).
    Removing gd32f4xx_adc.o(.text.adc_sync_mode_config), (24 bytes).
    Removing gd32f4xx_adc.o(.ARM.exidx.text.adc_sync_mode_config), (8 bytes).
    Removing gd32f4xx_adc.o(.text.adc_sync_delay_config), (24 bytes).
    Removing gd32f4xx_adc.o(.ARM.exidx.text.adc_sync_delay_config), (8 bytes).
    Removing gd32f4xx_adc.o(.text.adc_sync_dma_config), (24 bytes).
    Removing gd32f4xx_adc.o(.ARM.exidx.text.adc_sync_dma_config), (8 bytes).
    Removing gd32f4xx_adc.o(.text.adc_sync_dma_request_after_last_enable), (18 bytes).
    Removing gd32f4xx_adc.o(.ARM.exidx.text.adc_sync_dma_request_after_last_enable), (8 bytes).
    Removing gd32f4xx_adc.o(.text.adc_sync_dma_request_after_last_disable), (18 bytes).
    Removing gd32f4xx_adc.o(.ARM.exidx.text.adc_sync_dma_request_after_last_disable), (8 bytes).
    Removing gd32f4xx_adc.o(.text.adc_sync_routine_data_read), (12 bytes).
    Removing gd32f4xx_adc.o(.ARM.exidx.text.adc_sync_routine_data_read), (8 bytes).
    Removing gd32f4xx_spi.o(.text), (0 bytes).
    Removing gd32f4xx_spi.o(.text.spi_i2s_deinit), (140 bytes).
    Removing gd32f4xx_spi.o(.ARM.exidx.text.spi_i2s_deinit), (8 bytes).
    Removing gd32f4xx_spi.o(.text.spi_struct_para_init), (18 bytes).
    Removing gd32f4xx_spi.o(.ARM.exidx.text.spi_struct_para_init), (8 bytes).
    Removing gd32f4xx_spi.o(.text.spi_init), (52 bytes).
    Removing gd32f4xx_spi.o(.ARM.exidx.text.spi_init), (8 bytes).
    Removing gd32f4xx_spi.o(.text.spi_enable), (10 bytes).
    Removing gd32f4xx_spi.o(.ARM.exidx.text.spi_enable), (8 bytes).
    Removing gd32f4xx_spi.o(.text.spi_disable), (10 bytes).
    Removing gd32f4xx_spi.o(.ARM.exidx.text.spi_disable), (8 bytes).
    Removing gd32f4xx_spi.o(.text.i2s_init), (30 bytes).
    Removing gd32f4xx_spi.o(.ARM.exidx.text.i2s_init), (8 bytes).
    Removing gd32f4xx_spi.o(.text.i2s_psc_config), (204 bytes).
    Removing gd32f4xx_spi.o(.ARM.exidx.text.i2s_psc_config), (8 bytes).
    Removing gd32f4xx_spi.o(.text.i2s_enable), (10 bytes).
    Removing gd32f4xx_spi.o(.ARM.exidx.text.i2s_enable), (8 bytes).
    Removing gd32f4xx_spi.o(.text.i2s_disable), (10 bytes).
    Removing gd32f4xx_spi.o(.ARM.exidx.text.i2s_disable), (8 bytes).
    Removing gd32f4xx_spi.o(.text.spi_nss_output_enable), (10 bytes).
    Removing gd32f4xx_spi.o(.ARM.exidx.text.spi_nss_output_enable), (8 bytes).
    Removing gd32f4xx_spi.o(.text.spi_nss_output_disable), (10 bytes).
    Removing gd32f4xx_spi.o(.ARM.exidx.text.spi_nss_output_disable), (8 bytes).
    Removing gd32f4xx_spi.o(.text.spi_nss_internal_high), (10 bytes).
    Removing gd32f4xx_spi.o(.ARM.exidx.text.spi_nss_internal_high), (8 bytes).
    Removing gd32f4xx_spi.o(.text.spi_nss_internal_low), (10 bytes).
    Removing gd32f4xx_spi.o(.ARM.exidx.text.spi_nss_internal_low), (8 bytes).
    Removing gd32f4xx_spi.o(.text.spi_dma_enable), (18 bytes).
    Removing gd32f4xx_spi.o(.ARM.exidx.text.spi_dma_enable), (8 bytes).
    Removing gd32f4xx_spi.o(.text.spi_dma_disable), (22 bytes).
    Removing gd32f4xx_spi.o(.ARM.exidx.text.spi_dma_disable), (8 bytes).
    Removing gd32f4xx_spi.o(.text.spi_i2s_data_frame_format_config), (16 bytes).
    Removing gd32f4xx_spi.o(.ARM.exidx.text.spi_i2s_data_frame_format_config), (8 bytes).
    Removing gd32f4xx_spi.o(.text.spi_i2s_data_transmit), (4 bytes).
    Removing gd32f4xx_spi.o(.ARM.exidx.text.spi_i2s_data_transmit), (8 bytes).
    Removing gd32f4xx_spi.o(.text.spi_i2s_data_receive), (6 bytes).
    Removing gd32f4xx_spi.o(.ARM.exidx.text.spi_i2s_data_receive), (8 bytes).
    Removing gd32f4xx_spi.o(.text.spi_bidirectional_transfer_config), (20 bytes).
    Removing gd32f4xx_spi.o(.ARM.exidx.text.spi_bidirectional_transfer_config), (8 bytes).
    Removing gd32f4xx_spi.o(.text.i2s_full_duplex_mode_config), (44 bytes).
    Removing gd32f4xx_spi.o(.ARM.exidx.text.i2s_full_duplex_mode_config), (8 bytes).
    Removing gd32f4xx_spi.o(.text.spi_i2s_format_error_clear), (6 bytes).
    Removing gd32f4xx_spi.o(.ARM.exidx.text.spi_i2s_format_error_clear), (8 bytes).
    Removing gd32f4xx_spi.o(.text.spi_crc_polynomial_set), (4 bytes).
    Removing gd32f4xx_spi.o(.ARM.exidx.text.spi_crc_polynomial_set), (8 bytes).
    Removing gd32f4xx_spi.o(.text.spi_crc_polynomial_get), (6 bytes).
    Removing gd32f4xx_spi.o(.ARM.exidx.text.spi_crc_polynomial_get), (8 bytes).
    Removing gd32f4xx_spi.o(.text.spi_crc_on), (10 bytes).
    Removing gd32f4xx_spi.o(.ARM.exidx.text.spi_crc_on), (8 bytes).
    Removing gd32f4xx_spi.o(.text.spi_crc_off), (10 bytes).
    Removing gd32f4xx_spi.o(.ARM.exidx.text.spi_crc_off), (8 bytes).
    Removing gd32f4xx_spi.o(.text.spi_crc_next), (10 bytes).
    Removing gd32f4xx_spi.o(.ARM.exidx.text.spi_crc_next), (8 bytes).
    Removing gd32f4xx_spi.o(.text.spi_crc_get), (14 bytes).
    Removing gd32f4xx_spi.o(.ARM.exidx.text.spi_crc_get), (8 bytes).
    Removing gd32f4xx_spi.o(.text.spi_crc_error_clear), (8 bytes).
    Removing gd32f4xx_spi.o(.ARM.exidx.text.spi_crc_error_clear), (8 bytes).
    Removing gd32f4xx_spi.o(.text.spi_ti_mode_enable), (10 bytes).
    Removing gd32f4xx_spi.o(.ARM.exidx.text.spi_ti_mode_enable), (8 bytes).
    Removing gd32f4xx_spi.o(.text.spi_ti_mode_disable), (10 bytes).
    Removing gd32f4xx_spi.o(.ARM.exidx.text.spi_ti_mode_disable), (8 bytes).
    Removing gd32f4xx_spi.o(.text.spi_quad_enable), (14 bytes).
    Removing gd32f4xx_spi.o(.ARM.exidx.text.spi_quad_enable), (8 bytes).
    Removing gd32f4xx_spi.o(.text.spi_quad_disable), (14 bytes).
    Removing gd32f4xx_spi.o(.ARM.exidx.text.spi_quad_disable), (8 bytes).
    Removing gd32f4xx_spi.o(.text.spi_quad_write_enable), (14 bytes).
    Removing gd32f4xx_spi.o(.ARM.exidx.text.spi_quad_write_enable), (8 bytes).
    Removing gd32f4xx_spi.o(.text.spi_quad_read_enable), (14 bytes).
    Removing gd32f4xx_spi.o(.ARM.exidx.text.spi_quad_read_enable), (8 bytes).
    Removing gd32f4xx_spi.o(.text.spi_quad_io23_output_enable), (14 bytes).
    Removing gd32f4xx_spi.o(.ARM.exidx.text.spi_quad_io23_output_enable), (8 bytes).
    Removing gd32f4xx_spi.o(.text.spi_quad_io23_output_disable), (14 bytes).
    Removing gd32f4xx_spi.o(.ARM.exidx.text.spi_quad_io23_output_disable), (8 bytes).
    Removing gd32f4xx_spi.o(.text.spi_i2s_flag_get), (10 bytes).
    Removing gd32f4xx_spi.o(.ARM.exidx.text.spi_i2s_flag_get), (8 bytes).
    Removing gd32f4xx_spi.o(.text.spi_i2s_interrupt_enable), (36 bytes).
    Removing gd32f4xx_spi.o(.ARM.exidx.text.spi_i2s_interrupt_enable), (8 bytes).
    Removing gd32f4xx_spi.o(.text.spi_i2s_interrupt_disable), (36 bytes).
    Removing gd32f4xx_spi.o(.ARM.exidx.text.spi_i2s_interrupt_disable), (8 bytes).
    Removing gd32f4xx_spi.o(.text.spi_i2s_interrupt_flag_get), (88 bytes).
    Removing gd32f4xx_spi.o(.ARM.exidx.text.spi_i2s_interrupt_flag_get), (8 bytes).
    Removing gd32f4xx_can.o(.text), (0 bytes).
    Removing gd32f4xx_can.o(.text.can_deinit), (38 bytes).
    Removing gd32f4xx_can.o(.ARM.exidx.text.can_deinit), (8 bytes).
    Removing gd32f4xx_can.o(.text.can_struct_para_init), (94 bytes).
    Removing gd32f4xx_can.o(.ARM.exidx.text.can_struct_para_init), (8 bytes).
    Removing gd32f4xx_can.o(.text.can_init), (226 bytes).
    Removing gd32f4xx_can.o(.ARM.exidx.text.can_init), (8 bytes).
    Removing gd32f4xx_can.o(.text.can_filter_init), (178 bytes).
    Removing gd32f4xx_can.o(.ARM.exidx.text.can_filter_init), (8 bytes).
    Removing gd32f4xx_can.o(.text.can1_filter_start_bank), (46 bytes).
    Removing gd32f4xx_can.o(.ARM.exidx.text.can1_filter_start_bank), (8 bytes).
    Removing gd32f4xx_can.o(.text.can_debug_freeze_enable), (34 bytes).
    Removing gd32f4xx_can.o(.ARM.exidx.text.can_debug_freeze_enable), (8 bytes).
    Removing gd32f4xx_can.o(.text.can_debug_freeze_disable), (34 bytes).
    Removing gd32f4xx_can.o(.ARM.exidx.text.can_debug_freeze_disable), (8 bytes).
    Removing gd32f4xx_can.o(.text.can_time_trigger_mode_enable), (32 bytes).
    Removing gd32f4xx_can.o(.ARM.exidx.text.can_time_trigger_mode_enable), (8 bytes).
    Removing gd32f4xx_can.o(.text.can_time_trigger_mode_disable), (32 bytes).
    Removing gd32f4xx_can.o(.ARM.exidx.text.can_time_trigger_mode_disable), (8 bytes).
    Removing gd32f4xx_can.o(.text.can_message_transmit), (164 bytes).
    Removing gd32f4xx_can.o(.ARM.exidx.text.can_message_transmit), (8 bytes).
    Removing gd32f4xx_can.o(.text.can_transmit_states), (92 bytes).
    Removing gd32f4xx_can.o(.ARM.exidx.text.can_transmit_states), (8 bytes).
    Removing gd32f4xx_can.o(.text.can_transmission_stop), (64 bytes).
    Removing gd32f4xx_can.o(.ARM.exidx.text.can_transmission_stop), (8 bytes).
    Removing gd32f4xx_can.o(.text.can_message_receive), (164 bytes).
    Removing gd32f4xx_can.o(.ARM.exidx.text.can_message_receive), (8 bytes).
    Removing gd32f4xx_can.o(.text.can_fifo_release), (26 bytes).
    Removing gd32f4xx_can.o(.ARM.exidx.text.can_fifo_release), (8 bytes).
    Removing gd32f4xx_can.o(.text.can_receive_message_length_get), (24 bytes).
    Removing gd32f4xx_can.o(.ARM.exidx.text.can_receive_message_length_get), (8 bytes).
    Removing gd32f4xx_can.o(.text.can_working_mode_set), (148 bytes).
    Removing gd32f4xx_can.o(.ARM.exidx.text.can_working_mode_set), (8 bytes).
    Removing gd32f4xx_can.o(.text.can_wakeup), (44 bytes).
    Removing gd32f4xx_can.o(.ARM.exidx.text.can_wakeup), (8 bytes).
    Removing gd32f4xx_can.o(.text.can_error_get), (8 bytes).
    Removing gd32f4xx_can.o(.ARM.exidx.text.can_error_get), (8 bytes).
    Removing gd32f4xx_can.o(.text.can_receive_error_number_get), (6 bytes).
    Removing gd32f4xx_can.o(.ARM.exidx.text.can_receive_error_number_get), (8 bytes).
    Removing gd32f4xx_can.o(.text.can_transmit_error_number_get), (8 bytes).
    Removing gd32f4xx_can.o(.ARM.exidx.text.can_transmit_error_number_get), (8 bytes).
    Removing gd32f4xx_can.o(.text.can_flag_get), (16 bytes).
    Removing gd32f4xx_can.o(.ARM.exidx.text.can_flag_get), (8 bytes).
    Removing gd32f4xx_can.o(.text.can_flag_clear), (16 bytes).
    Removing gd32f4xx_can.o(.ARM.exidx.text.can_flag_clear), (8 bytes).
    Removing gd32f4xx_can.o(.text.can_interrupt_enable), (8 bytes).
    Removing gd32f4xx_can.o(.ARM.exidx.text.can_interrupt_enable), (8 bytes).
    Removing gd32f4xx_can.o(.text.can_interrupt_disable), (10 bytes).
    Removing gd32f4xx_can.o(.ARM.exidx.text.can_interrupt_disable), (8 bytes).
    Removing gd32f4xx_can.o(.text.can_interrupt_flag_get), (90 bytes).
    Removing gd32f4xx_can.o(.ARM.exidx.text.can_interrupt_flag_get), (8 bytes).
    Removing gd32f4xx_can.o(.text.can_interrupt_flag_clear), (16 bytes).
    Removing gd32f4xx_can.o(.ARM.exidx.text.can_interrupt_flag_clear), (8 bytes).
    Removing gd32f4xx_dbg.o(.text), (0 bytes).
    Removing gd32f4xx_dbg.o(.text.dbg_deinit), (16 bytes).
    Removing gd32f4xx_dbg.o(.ARM.exidx.text.dbg_deinit), (8 bytes).
    Removing gd32f4xx_dbg.o(.text.dbg_id_get), (12 bytes).
    Removing gd32f4xx_dbg.o(.ARM.exidx.text.dbg_id_get), (8 bytes).
    Removing gd32f4xx_dbg.o(.text.dbg_low_power_enable), (16 bytes).
    Removing gd32f4xx_dbg.o(.ARM.exidx.text.dbg_low_power_enable), (8 bytes).
    Removing gd32f4xx_dbg.o(.text.dbg_low_power_disable), (18 bytes).
    Removing gd32f4xx_dbg.o(.ARM.exidx.text.dbg_low_power_disable), (8 bytes).
    Removing gd32f4xx_dbg.o(.text.dbg_periph_enable), (30 bytes).
    Removing gd32f4xx_dbg.o(.ARM.exidx.text.dbg_periph_enable), (8 bytes).
    Removing gd32f4xx_dbg.o(.text.dbg_periph_disable), (32 bytes).
    Removing gd32f4xx_dbg.o(.ARM.exidx.text.dbg_periph_disable), (8 bytes).
    Removing gd32f4xx_dbg.o(.text.dbg_trace_pin_enable), (18 bytes).
    Removing gd32f4xx_dbg.o(.ARM.exidx.text.dbg_trace_pin_enable), (8 bytes).
    Removing gd32f4xx_dbg.o(.text.dbg_trace_pin_disable), (18 bytes).
    Removing gd32f4xx_dbg.o(.ARM.exidx.text.dbg_trace_pin_disable), (8 bytes).
    Removing bsp_leds.o(.text), (0 bytes).
    Removing bsp_leds.o(.text.Leds_init), (104 bytes).
    Removing bsp_leds.o(.ARM.exidx.text.Leds_init), (8 bytes).
    Removing bsp_leds.o(.text.Leds_turn_on), (32 bytes).
    Removing bsp_leds.o(.ARM.exidx.text.Leds_turn_on), (8 bytes).
    Removing bsp_leds.o(.text.Leds_turn_off), (32 bytes).
    Removing bsp_leds.o(.ARM.exidx.text.Leds_turn_off), (8 bytes).
    Removing bsp_leds.o(.text.Leds_turn), (64 bytes).
    Removing bsp_leds.o(.ARM.exidx.text.Leds_turn), (8 bytes).
    Removing bsp_leds.o(.text.Leds_turn_all), (44 bytes).
    Removing bsp_leds.o(.ARM.exidx.text.Leds_turn_all), (8 bytes).
    Removing bsp_leds.o(.data.g_leds_list), (144 bytes).
    Removing bsp_keys.o(.text), (0 bytes).
    Removing bsp_keys.o(.text.Keys_init), (86 bytes).
    Removing bsp_keys.o(.ARM.exidx.text.Keys_init), (8 bytes).
    Removing bsp_keys.o(.text.Keys_scan), (118 bytes).
    Removing bsp_keys.o(.ARM.exidx.text.Keys_scan), (8 bytes).
    Removing bsp_keys.o(.text.Keys_get_state), (32 bytes).
    Removing bsp_keys.o(.ARM.exidx.text.Keys_get_state), (8 bytes).
    Removing bsp_keys.o(.text.Keys_on_keydown), (2 bytes).
    Removing bsp_keys.o(.ARM.exidx.text.Keys_on_keydown), (8 bytes).
    Removing bsp_keys.o(.text.Keys_on_keyup), (2 bytes).
    Removing bsp_keys.o(.ARM.exidx.text.Keys_on_keyup), (8 bytes).
    Removing bsp_keys.o(.rodata.cst16), (16 bytes).
    Removing bsp_keys.o(.bss.s_keys), (12 bytes).
    Removing bsp_dht11.o(.text), (0 bytes).
    Removing bsp_dht11.o(.text.DHT11_init), (54 bytes).
    Removing bsp_dht11.o(.ARM.exidx.text.DHT11_init), (8 bytes).
    Removing bsp_dht11.o(.text.DHT11_get_humidity_temperature), (616 bytes).
    Removing bsp_dht11.o(.ARM.exidx.text.DHT11_get_humidity_temperature), (8 bytes).
    Removing bsp_dht11.o(.rodata.str1.1), (10 bytes).
    Removing bsp_matrixkeys.o(.text), (0 bytes).
    Removing bsp_matrixkeys.o(.text.MK_init), (286 bytes).
    Removing bsp_matrixkeys.o(.ARM.exidx.text.MK_init), (8 bytes).
    Removing bsp_matrixkeys.o(.text.MK_scan), (264 bytes).
    Removing bsp_matrixkeys.o(.ARM.exidx.text.MK_scan), (8 bytes).
    Removing bsp_matrixkeys.o(.data.states), (2 bytes).
    Removing bsp_pcf8563.o(.text), (0 bytes).
    Removing bsp_pcf8563.o(.text.PCF8563_init), (4 bytes).
    Removing bsp_pcf8563.o(.ARM.exidx.text.PCF8563_init), (8 bytes).
    Removing bsp_pcf8563.o(.text.PCF8563_set_clock), (274 bytes).
    Removing bsp_pcf8563.o(.ARM.exidx.text.PCF8563_set_clock), (8 bytes).
    Removing bsp_pcf8563.o(.text.PCF8563_get_clock), (176 bytes).
    Removing bsp_pcf8563.o(.ARM.exidx.text.PCF8563_get_clock), (8 bytes).
    Removing bsp_pcf8563.o(.text.PCF8563_set_alarm), (166 bytes).
    Removing bsp_pcf8563.o(.ARM.exidx.text.PCF8563_set_alarm), (8 bytes).
    Removing bsp_pcf8563.o(.text.PCF8563_enable_alarm), (50 bytes).
    Removing bsp_pcf8563.o(.ARM.exidx.text.PCF8563_enable_alarm), (8 bytes).
    Removing bsp_pcf8563.o(.text.PCF8563_disable_alarm), (48 bytes).
    Removing bsp_pcf8563.o(.ARM.exidx.text.PCF8563_disable_alarm), (8 bytes).
    Removing bsp_pcf8563.o(.text.PCF8563_alarm_clear_flag), (48 bytes).
    Removing bsp_pcf8563.o(.ARM.exidx.text.PCF8563_alarm_clear_flag), (8 bytes).
    Removing bsp_pcf8563.o(.text.PCF8563_enable_timer), (50 bytes).
    Removing bsp_pcf8563.o(.ARM.exidx.text.PCF8563_enable_timer), (8 bytes).
    Removing bsp_pcf8563.o(.text.PCF8563_disable_timer), (48 bytes).
    Removing bsp_pcf8563.o(.ARM.exidx.text.PCF8563_disable_timer), (8 bytes).
    Removing bsp_pcf8563.o(.text.PCF8563_clear_timer), (48 bytes).
    Removing bsp_pcf8563.o(.ARM.exidx.text.PCF8563_clear_timer), (8 bytes).
    Removing bsp_pcf8563.o(.text.PCF8563_set_timer), (40 bytes).
    Removing bsp_pcf8563.o(.ARM.exidx.text.PCF8563_set_timer), (8 bytes).
    Removing bsp_pcf8563.o(.text.int3_callback), (126 bytes).
    Removing bsp_pcf8563.o(.ARM.exidx.text.int3_callback), (8 bytes).
    Removing bsp_nixie.o(.text), (0 bytes).
    Removing bsp_nixie.o(.text.Nixie_init), (118 bytes).
    Removing bsp_nixie.o(.ARM.exidx.text.Nixie_init), (8 bytes).
    Removing bsp_nixie.o(.text.Nixie_show), (154 bytes).
    Removing bsp_nixie.o(.ARM.exidx.text.Nixie_show), (8 bytes).
    Removing bsp_nixie.o(.text.Nixie_display), (24 bytes).
    Removing bsp_nixie.o(.ARM.exidx.text.Nixie_display), (8 bytes).
    Removing bsp_nixie.o(.text.Nixie_clear), (8 bytes).
    Removing bsp_nixie.o(.ARM.exidx.text.Nixie_clear), (8 bytes).
    Removing bsp_nixie.o(.data.LED_TABLE), (34 bytes).
    Removing bsp_ntc.o(.text), (0 bytes).
    Removing bsp_ntc.o(.text.DMA_ADC_config), (114 bytes).
    Removing bsp_ntc.o(.ARM.exidx.text.DMA_ADC_config), (8 bytes).
    Removing bsp_ntc.o(.text.ADC_config), (258 bytes).
    Removing bsp_ntc.o(.ARM.exidx.text.ADC_config), (8 bytes).
    Removing bsp_ntc.o(.text.NTC_init), (34 bytes).
    Removing bsp_ntc.o(.ARM.exidx.text.NTC_init), (8 bytes).
    Removing bsp_ntc.o(.text.NTC_get_temperature), (228 bytes).
    Removing bsp_ntc.o(.ARM.exidx.text.NTC_get_temperature), (8 bytes).
    Removing bsp_ntc.o(.bss.g_recv_buff), (2 bytes).
    Removing bsp_ntc.o(.data.temp_table), (362 bytes).
    Removing oled.o(.text), (0 bytes).
    Removing oled.o(.text.OLED_ColorTurn), (64 bytes).
    Removing oled.o(.ARM.exidx.text.OLED_ColorTurn), (8 bytes).
    Removing oled.o(.text.OLED_WR_Byte), (64 bytes).
    Removing oled.o(.ARM.exidx.text.OLED_WR_Byte), (8 bytes).
    Removing oled.o(.text.OLED_DisplayTurn), (106 bytes).
    Removing oled.o(.ARM.exidx.text.OLED_DisplayTurn), (8 bytes).
    Removing oled.o(.text.OLED_DisPlay_On), (126 bytes).
    Removing oled.o(.ARM.exidx.text.OLED_DisPlay_On), (8 bytes).
    Removing oled.o(.text.OLED_DisPlay_Off), (126 bytes).
    Removing oled.o(.ARM.exidx.text.OLED_DisPlay_Off), (8 bytes).
    Removing oled.o(.text.OLED_Clear), (192 bytes).
    Removing oled.o(.ARM.exidx.text.OLED_Clear), (8 bytes).
    Removing oled.o(.text.OLED_address), (140 bytes).
    Removing oled.o(.ARM.exidx.text.OLED_address), (8 bytes).
    Removing oled.o(.text.OLED_Display_128x64), (108 bytes).
    Removing oled.o(.ARM.exidx.text.OLED_Display_128x64), (8 bytes).
    Removing oled.o(.text.OLED_Display_16x16), (110 bytes).
    Removing oled.o(.ARM.exidx.text.OLED_Display_16x16), (8 bytes).
    Removing oled.o(.text.OLED_Display_8x16), (110 bytes).
    Removing oled.o(.ARM.exidx.text.OLED_Display_8x16), (8 bytes).
    Removing oled.o(.text.OLED_Display_5x7), (74 bytes).
    Removing oled.o(.ARM.exidx.text.OLED_Display_5x7), (8 bytes).
    Removing oled.o(.text.Send_Command_to_ROM), (4 bytes).
    Removing oled.o(.ARM.exidx.text.Send_Command_to_ROM), (8 bytes).
    Removing oled.o(.text.Get_data_from_ROM), (4 bytes).
    Removing oled.o(.ARM.exidx.text.Get_data_from_ROM), (8 bytes).
    Removing oled.o(.text.OLED_get_data_from_ROM), (90 bytes).
    Removing oled.o(.ARM.exidx.text.OLED_get_data_from_ROM), (8 bytes).
    Removing oled.o(.text.OLED_Display_GB2312_string), (494 bytes).
    Removing oled.o(.ARM.exidx.text.OLED_Display_GB2312_string), (8 bytes).
    Removing oled.o(.text.OLED_Display_string_5x7), (214 bytes).
    Removing oled.o(.ARM.exidx.text.OLED_Display_string_5x7), (8 bytes).
    Removing oled.o(.text.OLED_ShowNum), (180 bytes).
    Removing oled.o(.ARM.exidx.text.OLED_ShowNum), (8 bytes).
    Removing oled.o(.text.OLED_Init), (1214 bytes).
    Removing oled.o(.ARM.exidx.text.OLED_Init), (8 bytes).
    Removing oled.o(.bss.fontaddr), (4 bytes).
    Removing oled.o(.rodata.str1.1), (20 bytes).
    Removing spi_flash.o(.text), (0 bytes).
    Removing spi_flash.o(.text.bsp_spi_init), (122 bytes).
    Removing spi_flash.o(.ARM.exidx.text.bsp_spi_init), (8 bytes).
    Removing spi_flash.o(.text.GD25Q32_readID), (74 bytes).
    Removing spi_flash.o(.ARM.exidx.text.GD25Q32_readID), (8 bytes).
    Removing spi_flash.o(.text.GD25Q32_write_enable), (38 bytes).
    Removing spi_flash.o(.ARM.exidx.text.GD25Q32_write_enable), (8 bytes).
    Removing spi_flash.o(.text.GD25Q32_wait_busy), (48 bytes).
    Removing spi_flash.o(.ARM.exidx.text.GD25Q32_wait_busy), (8 bytes).
    Removing spi_flash.o(.text.GD25Q32_erase_sector), (164 bytes).
    Removing spi_flash.o(.ARM.exidx.text.GD25Q32_erase_sector), (8 bytes).
    Removing spi_flash.o(.text.GD25Q32_write), (198 bytes).
    Removing spi_flash.o(.ARM.exidx.text.GD25Q32_write), (8 bytes).
    Removing spi_flash.o(.text.GD25Q32_read), (90 bytes).
    Removing spi_flash.o(.ARM.exidx.text.GD25Q32_read), (8 bytes).
    Removing usart0.o(.text), (0 bytes).
    Removing usart0.o(.text.DMA_tx_config), (90 bytes).
    Removing usart0.o(.ARM.exidx.text.DMA_tx_config), (8 bytes).
    Removing usart0.o(.text.DMA_rx_config), (110 bytes).
    Removing usart0.o(.ARM.exidx.text.DMA_rx_config), (8 bytes).
    Removing usart0.o(.ARM.exidx.text.USART0_init), (8 bytes).
    Removing usart0.o(.text.USART0_send_byte), (22 bytes).
    Removing usart0.o(.ARM.exidx.text.USART0_send_byte), (8 bytes).
    Removing usart0.o(.ARM.exidx.text.USART0_send_data), (8 bytes).
    Removing usart0.o(.text.USART0_send_string), (26 bytes).
    Removing usart0.o(.ARM.exidx.text.USART0_send_string), (8 bytes).
    Removing usart0.o(.ARM.exidx.text.fputc), (8 bytes).
    Removing usart0.o(.ARM.exidx.text.USART0_IRQHandler), (8 bytes).
    Removing exti.o(.text), (0 bytes).
    Removing exti.o(.ARM.exidx.text.EXTI_Init), (8 bytes).
    Removing exti.o(.ARM.exidx.text.EXTI1_IRQHandler), (8 bytes).
    Removing exti.o(.text.EXTI1_on_trig), (2 bytes).
    Removing exti.o(.ARM.exidx.text.EXTI1_on_trig), (8 bytes).
    Removing exti.o(.text.EXTI0_on_trig), (2 bytes).
    Removing exti.o(.ARM.exidx.text.EXTI0_on_trig), (8 bytes).
    Removing exti.o(.text.EXTI2_on_trig), (2 bytes).
    Removing exti.o(.ARM.exidx.text.EXTI2_on_trig), (8 bytes).
    Removing exti.o(.text.EXTI3_on_trig), (2 bytes).
    Removing exti.o(.ARM.exidx.text.EXTI3_on_trig), (8 bytes).
    Removing exti.o(.text.EXTI4_on_trig), (2 bytes).
    Removing exti.o(.ARM.exidx.text.EXTI4_on_trig), (8 bytes).
    Removing exti.o(.text.EXTI5_on_trig), (2 bytes).
    Removing exti.o(.ARM.exidx.text.EXTI5_on_trig), (8 bytes).
    Removing exti.o(.text.EXTI6_on_trig), (2 bytes).
    Removing exti.o(.ARM.exidx.text.EXTI6_on_trig), (8 bytes).
    Removing exti.o(.text.EXTI7_on_trig), (2 bytes).
    Removing exti.o(.ARM.exidx.text.EXTI7_on_trig), (8 bytes).
    Removing exti.o(.text.EXTI8_on_trig), (2 bytes).
    Removing exti.o(.ARM.exidx.text.EXTI8_on_trig), (8 bytes).
    Removing exti.o(.text.EXTI9_on_trig), (2 bytes).
    Removing exti.o(.ARM.exidx.text.EXTI9_on_trig), (8 bytes).
    Removing exti.o(.text.EXTI10_on_trig), (2 bytes).
    Removing exti.o(.ARM.exidx.text.EXTI10_on_trig), (8 bytes).
    Removing exti.o(.text.EXTI11_on_trig), (2 bytes).
    Removing exti.o(.ARM.exidx.text.EXTI11_on_trig), (8 bytes).
    Removing exti.o(.text.EXTI12_on_trig), (2 bytes).
    Removing exti.o(.ARM.exidx.text.EXTI12_on_trig), (8 bytes).
    Removing exti.o(.text.EXTI13_on_trig), (2 bytes).
    Removing exti.o(.ARM.exidx.text.EXTI13_on_trig), (8 bytes).
    Removing exti.o(.text.EXTI14_on_trig), (2 bytes).
    Removing exti.o(.ARM.exidx.text.EXTI14_on_trig), (8 bytes).
    Removing exti.o(.text.EXTI15_on_trig), (2 bytes).
    Removing exti.o(.ARM.exidx.text.EXTI15_on_trig), (8 bytes).
    Removing usart2.o(.text), (0 bytes).
    Removing usart2.o(.text.USART2_init), (190 bytes).
    Removing usart2.o(.ARM.exidx.text.USART2_init), (8 bytes).
    Removing usart2.o(.text.USART2_send_byte), (34 bytes).
    Removing usart2.o(.ARM.exidx.text.USART2_send_byte), (8 bytes).
    Removing usart2.o(.text.USART2_send_data), (58 bytes).
    Removing usart2.o(.ARM.exidx.text.USART2_send_data), (8 bytes).
    Removing usart2.o(.text.USART2_send_string), (54 bytes).
    Removing usart2.o(.ARM.exidx.text.USART2_send_string), (8 bytes).
    Removing usart2.o(.ARM.exidx.text.USART2_IRQHandler), (8 bytes).
    Removing timer.o(.text), (0 bytes).
    Removing timer.o(.text.TIMER_init), (8 bytes).
    Removing timer.o(.ARM.exidx.text.TIMER_init), (8 bytes).
    Removing timer.o(.text.TIMER_start), (4 bytes).
    Removing timer.o(.ARM.exidx.text.TIMER_start), (8 bytes).
    Removing timer.o(.text.TIMER_stop), (4 bytes).
    Removing timer.o(.ARM.exidx.text.TIMER_stop), (8 bytes).
    Removing timer.o(.text.TIMER_channel_pulse_update), (16 bytes).
    Removing timer.o(.ARM.exidx.text.TIMER_channel_pulse_update), (8 bytes).
    Removing timer.o(.text.TIMER_channel_duty_update), (96 bytes).
    Removing timer.o(.ARM.exidx.text.TIMER_channel_duty_update), (8 bytes).
    Removing rtc_time.o(.text), (0 bytes).
    Removing rtc_time.o(.text.RTC_config), (78 bytes).
    Removing rtc_time.o(.ARM.exidx.text.RTC_config), (8 bytes).
    Removing rtc_time.o(.text.RTC_write_time), (196 bytes).
    Removing rtc_time.o(.ARM.exidx.text.RTC_write_time), (8 bytes).
    Removing rtc_time.o(.text.RTC_read), (212 bytes).
    Removing rtc_time.o(.ARM.exidx.text.RTC_read), (8 bytes).
    Removing rtc_time.o(.text.RTC_alarm_config), (2 bytes).
    Removing rtc_time.o(.ARM.exidx.text.RTC_alarm_config), (8 bytes).
    Removing rtc_time.o(.text.FWDGT_config), (42 bytes).
    Removing rtc_time.o(.ARM.exidx.text.FWDGT_config), (8 bytes).
    Removing rtc_time.o(.text.WWDGT_config), (34 bytes).
    Removing rtc_time.o(.ARM.exidx.text.WWDGT_config), (8 bytes).
    Removing i2c0_soft.o(.text), (0 bytes).
    Removing i2c0_soft.o(.text.I2C0_soft_init), (78 bytes).
    Removing i2c0_soft.o(.ARM.exidx.text.I2C0_soft_init), (8 bytes).
    Removing i2c0_soft.o(.text.I2C0_soft_write), (254 bytes).
    Removing i2c0_soft.o(.ARM.exidx.text.I2C0_soft_write), (8 bytes).
    Removing i2c0_soft.o(.text.send), (78 bytes).
    Removing i2c0_soft.o(.ARM.exidx.text.send), (8 bytes).
    Removing i2c0_soft.o(.text.I2C0_soft_read), (426 bytes).
    Removing i2c0_soft.o(.ARM.exidx.text.I2C0_soft_read), (8 bytes).
    Removing i2c0_soft.o(.text.wait_ack), (116 bytes).
    Removing i2c0_soft.o(.ARM.exidx.text.wait_ack), (8 bytes).
    Removing i2c0_hard.o(.text), (0 bytes).
    Removing i2c0_hard.o(.text.I2C0_hard_init), (160 bytes).
    Removing i2c0_hard.o(.ARM.exidx.text.I2C0_hard_init), (8 bytes).
    Removing i2c0_hard.o(.text.I2C0_hard_write), (552 bytes).
    Removing i2c0_hard.o(.ARM.exidx.text.I2C0_hard_write), (8 bytes).
    Removing i2c0_hard.o(.text.I2C_error_handler), (60 bytes).
    Removing i2c0_hard.o(.ARM.exidx.text.I2C_error_handler), (8 bytes).
    Removing i2c0_hard.o(.text.I2C0_hard_read), (786 bytes).
    Removing i2c0_hard.o(.ARM.exidx.text.I2C0_hard_read), (8 bytes).
    Removing adc.o(.text), (0 bytes).
    Removing adc.o(.text.ADC_init), (152 bytes).
    Removing adc.o(.ARM.exidx.text.ADC_init), (8 bytes).
    Removing spi0_soft.o(.text), (0 bytes).
    Removing spi0_soft.o(.text.SPI0_soft_init), (112 bytes).
    Removing spi0_soft.o(.ARM.exidx.text.SPI0_soft_init), (8 bytes).
    Removing spi0_soft.o(.text.SPI0_soft_write), (56 bytes).
    Removing spi0_soft.o(.ARM.exidx.text.SPI0_soft_write), (8 bytes).
    Removing spi0_soft.o(.text.SPI0_soft_read), (62 bytes).
    Removing spi0_soft.o(.ARM.exidx.text.SPI0_soft_read), (8 bytes).
    Removing spi0_soft.o(.text.SPI0_soft_read_write), (82 bytes).
    Removing spi0_soft.o(.ARM.exidx.text.SPI0_soft_read_write), (8 bytes).
    Removing spi0_hard.o(.text), (0 bytes).
    Removing spi0_hard.o(.text.SPI0_hard_init), (192 bytes).
    Removing spi0_hard.o(.ARM.exidx.text.SPI0_hard_init), (8 bytes).
    Removing spi0_hard.o(.text.SPI0_hard_write), (54 bytes).
    Removing spi0_hard.o(.ARM.exidx.text.SPI0_hard_write), (8 bytes).
    Removing spi0_hard.o(.text.SPI0_hard_read), (54 bytes).
    Removing spi0_hard.o(.ARM.exidx.text.SPI0_hard_read), (8 bytes).
    Removing spi0_hard.o(.text.SPI0_hard_read_write), (60 bytes).
    Removing spi0_hard.o(.ARM.exidx.text.SPI0_hard_read_write), (8 bytes).
    Removing can.o(.text), (0 bytes).
    Removing can.o(.text.MyCAN_Init), (192 bytes).
    Removing can.o(.ARM.exidx.text.MyCAN_Init), (8 bytes).
    Removing can.o(.text.MyCAN_Transmit), (116 bytes).
    Removing can.o(.ARM.exidx.text.MyCAN_Transmit), (8 bytes).
    Removing can.o(.text.MyCAN_ReceiveFlag), (24 bytes).
    Removing can.o(.ARM.exidx.text.MyCAN_ReceiveFlag), (8 bytes).
    Removing can.o(.text.MyCAN_Receive), (76 bytes).
    Removing can.o(.ARM.exidx.text.MyCAN_Receive), (8 bytes).
    Removing dadd.o(.text), (334 bytes).
    Removing dmul.o(.text), (228 bytes).
    Removing ddiv.o(.text), (222 bytes).
    Removing dfltui.o(.text), (26 bytes).
    Removing f2d.o(.text), (38 bytes).
    Removing d2f.o(.text), (56 bytes).
    Removing fepilogue.o(.text), (110 bytes).
    Removing depilogue.o(.text), (186 bytes).
    Removing dfixul.o(.text), (48 bytes).
    Removing cdrcmple.o(.text), (48 bytes).

1256 unused section(s) (total 37342 bytes) removed from the image.

==============================================================================

Image Symbol Table

    Local Symbols

    Symbol Name                              Value     Ov Type        Size  Object(Section)

    ../Firmware/CMSIS/GD/GD32F4xx/Source/ARM/startup_gd32f407_427.s 0x00000000   Number         0  startup_gd32f407_427.o ABSOLUTE
    ../clib/division.s                       0x00000000   Number         0  aeabi_sdiv.o ABSOLUTE
    ../clib/microlib/division.c              0x00000000   Number         0  uidiv.o ABSOLUTE
    ../clib/microlib/division.c              0x00000000   Number         0  uldiv.o ABSOLUTE
    ../clib/microlib/init/entry.s            0x00000000   Number         0  entry.o ABSOLUTE
    ../clib/microlib/init/entry.s            0x00000000   Number         0  entry2.o ABSOLUTE
    ../clib/microlib/init/entry.s            0x00000000   Number         0  entry5.o ABSOLUTE
    ../clib/microlib/init/entry.s            0x00000000   Number         0  entry7a.o ABSOLUTE
    ../clib/microlib/init/entry.s            0x00000000   Number         0  entry7b.o ABSOLUTE
    ../clib/microlib/init/entry.s            0x00000000   Number         0  entry8a.o ABSOLUTE
    ../clib/microlib/init/entry.s            0x00000000   Number         0  entry8b.o ABSOLUTE
    ../clib/microlib/init/entry.s            0x00000000   Number         0  entry9a.o ABSOLUTE
    ../clib/microlib/init/entry.s            0x00000000   Number         0  entry9b.o ABSOLUTE
    ../clib/microlib/init/entry.s            0x00000000   Number         0  entry10a.o ABSOLUTE
    ../clib/microlib/init/entry.s            0x00000000   Number         0  entry10b.o ABSOLUTE
    ../clib/microlib/init/entry.s            0x00000000   Number         0  entry11a.o ABSOLUTE
    ../clib/microlib/init/entry.s            0x00000000   Number         0  entry11b.o ABSOLUTE
    ../clib/microlib/longlong.c              0x00000000   Number         0  llshl.o ABSOLUTE
    ../clib/microlib/longlong.c              0x00000000   Number         0  llsshr.o ABSOLUTE
    ../clib/microlib/longlong.c              0x00000000   Number         0  llushr.o ABSOLUTE
    ../clib/microlib/printf/printf.c         0x00000000   Number         0  printfb.o ABSOLUTE
    ../clib/microlib/printf/printf.c         0x00000000   Number         0  printf0.o ABSOLUTE
    ../clib/microlib/printf/printf.c         0x00000000   Number         0  printf1.o ABSOLUTE
    ../clib/microlib/printf/printf.c         0x00000000   Number         0  printf2.o ABSOLUTE
    ../clib/microlib/printf/printf.c         0x00000000   Number         0  printf3.o ABSOLUTE
    ../clib/microlib/printf/printf.c         0x00000000   Number         0  printf4.o ABSOLUTE
    ../clib/microlib/printf/printf.c         0x00000000   Number         0  printf5.o ABSOLUTE
    ../clib/microlib/printf/printf.c         0x00000000   Number         0  printf6.o ABSOLUTE
    ../clib/microlib/printf/printf.c         0x00000000   Number         0  printf7.o ABSOLUTE
    ../clib/microlib/printf/printf.c         0x00000000   Number         0  printf8.o ABSOLUTE
    ../clib/microlib/printf/printf.c         0x00000000   Number         0  printfa.o ABSOLUTE
    ../clib/microlib/printf/stubs.s          0x00000000   Number         0  printfstubs.o ABSOLUTE
    ../clib/microlib/stdio/puts.c            0x00000000   Number         0  puts.o ABSOLUTE
    ../clib/microlib/stdio/puts.c            0x00000000   Number         0  puts_e.o ABSOLUTE
    ../clib/microlib/stdio/streams.c         0x00000000   Number         0  stdout.o ABSOLUTE
    ../clib/microlib/string/memcpy.c         0x00000000   Number         0  memcpya.o ABSOLUTE
    ../clib/microlib/string/memcpy.c         0x00000000   Number         0  memcpyb.o ABSOLUTE
    ../clib/microlib/string/strlen.c         0x00000000   Number         0  strlen.o ABSOLUTE
    ../clib/microlib/stubs.s                 0x00000000   Number         0  iusefp.o ABSOLUTE
    ../fplib/microlib/d2f.c                  0x00000000   Number         0  d2f.o ABSOLUTE
    ../fplib/microlib/f2d.c                  0x00000000   Number         0  f2d.o ABSOLUTE
    ../fplib/microlib/fpadd.c                0x00000000   Number         0  dadd.o ABSOLUTE
    ../fplib/microlib/fpdiv.c                0x00000000   Number         0  ddiv.o ABSOLUTE
    ../fplib/microlib/fpepilogue.c           0x00000000   Number         0  fepilogue.o ABSOLUTE
    ../fplib/microlib/fpepilogue.c           0x00000000   Number         0  depilogue.o ABSOLUTE
    ../fplib/microlib/fpfix.c                0x00000000   Number         0  dfixul.o ABSOLUTE
    ../fplib/microlib/fpflt.c                0x00000000   Number         0  dfltui.o ABSOLUTE
    ../fplib/microlib/fpmul.c                0x00000000   Number         0  dmul.o ABSOLUTE
    ADC.c                                    0x00000000   Number         0  adc.o ABSOLUTE
    EXTI.c                                   0x00000000   Number         0  exti.o ABSOLUTE
    I2C0_hard.c                              0x00000000   Number         0  i2c0_hard.o ABSOLUTE
    I2C0_soft.c                              0x00000000   Number         0  i2c0_soft.o ABSOLUTE
    SPI0_hard.c                              0x00000000   Number         0  spi0_hard.o ABSOLUTE
    SPI0_soft.c                              0x00000000   Number         0  spi0_soft.o ABSOLUTE
    TIMER.c                                  0x00000000   Number         0  timer.o ABSOLUTE
    USART0.c                                 0x00000000   Number         0  usart0.o ABSOLUTE
    USART2.c                                 0x00000000   Number         0  usart2.o ABSOLUTE
    bsp_DHT11.c                              0x00000000   Number         0  bsp_dht11.o ABSOLUTE
    bsp_MatrixKeys.c                         0x00000000   Number         0  bsp_matrixkeys.o ABSOLUTE
    bsp_NTC.c                                0x00000000   Number         0  bsp_ntc.o ABSOLUTE
    bsp_Nixie.c                              0x00000000   Number         0  bsp_nixie.o ABSOLUTE
    bsp_PCF8563.c                            0x00000000   Number         0  bsp_pcf8563.o ABSOLUTE
    bsp_keys.c                               0x00000000   Number         0  bsp_keys.o ABSOLUTE
    bsp_leds.c                               0x00000000   Number         0  bsp_leds.o ABSOLUTE
    can.c                                    0x00000000   Number         0  can.o ABSOLUTE
    cdrcmple.s                               0x00000000   Number         0  cdrcmple.o ABSOLUTE
    dc.s                                     0x00000000   Number         0  dc.o ABSOLUTE
    gd32f4xx_adc.c                           0x00000000   Number         0  gd32f4xx_adc.o ABSOLUTE
    gd32f4xx_can.c                           0x00000000   Number         0  gd32f4xx_can.o ABSOLUTE
    gd32f4xx_dbg.c                           0x00000000   Number         0  gd32f4xx_dbg.o ABSOLUTE
    gd32f4xx_dma.c                           0x00000000   Number         0  gd32f4xx_dma.o ABSOLUTE
    gd32f4xx_exti.c                          0x00000000   Number         0  gd32f4xx_exti.o ABSOLUTE
    gd32f4xx_fwdgt.c                         0x00000000   Number         0  gd32f4xx_fwdgt.o ABSOLUTE
    gd32f4xx_gpio.c                          0x00000000   Number         0  gd32f4xx_gpio.o ABSOLUTE
    gd32f4xx_i2c.c                           0x00000000   Number         0  gd32f4xx_i2c.o ABSOLUTE
    gd32f4xx_it.c                            0x00000000   Number         0  gd32f4xx_it.o ABSOLUTE
    gd32f4xx_misc.c                          0x00000000   Number         0  gd32f4xx_misc.o ABSOLUTE
    gd32f4xx_pmu.c                           0x00000000   Number         0  gd32f4xx_pmu.o ABSOLUTE
    gd32f4xx_rcu.c                           0x00000000   Number         0  gd32f4xx_rcu.o ABSOLUTE
    gd32f4xx_rtc.c                           0x00000000   Number         0  gd32f4xx_rtc.o ABSOLUTE
    gd32f4xx_spi.c                           0x00000000   Number         0  gd32f4xx_spi.o ABSOLUTE
    gd32f4xx_syscfg.c                        0x00000000   Number         0  gd32f4xx_syscfg.o ABSOLUTE
    gd32f4xx_timer.c                         0x00000000   Number         0  gd32f4xx_timer.o ABSOLUTE
    gd32f4xx_usart.c                         0x00000000   Number         0  gd32f4xx_usart.o ABSOLUTE
    gd32f4xx_wwdgt.c                         0x00000000   Number         0  gd32f4xx_wwdgt.o ABSOLUTE
    handlers.s                               0x00000000   Number         0  handlers.o ABSOLUTE
    init.s                                   0x00000000   Number         0  init.o ABSOLUTE
    main.c                                   0x00000000   Number         0  main.o ABSOLUTE
    oled.c                                   0x00000000   Number         0  oled.o ABSOLUTE
    rtc_time.c                               0x00000000   Number         0  rtc_time.o ABSOLUTE
    spi_flash.c                              0x00000000   Number         0  spi_flash.o ABSOLUTE
    system_gd32f4xx.c                        0x00000000   Number         0  system_gd32f4xx.o ABSOLUTE
    systick.c                                0x00000000   Number         0  systick.o ABSOLUTE
    RESET                                    0x08000000   Section      392  startup_gd32f407_427.o(RESET)
    .ARM.Collect$$$$00000000                 0x08000188   Section        0  entry.o(.ARM.Collect$$$$00000000)
    .ARM.Collect$$$$00000001                 0x08000188   Section        4  entry2.o(.ARM.Collect$$$$00000001)
    .ARM.Collect$$$$00000004                 0x0800018c   Section        4  entry5.o(.ARM.Collect$$$$00000004)
    .ARM.Collect$$$$00000008                 0x08000190   Section        0  entry7b.o(.ARM.Collect$$$$00000008)
    .ARM.Collect$$$$0000000A                 0x08000190   Section        0  entry8b.o(.ARM.Collect$$$$0000000A)
    .ARM.Collect$$$$0000000B                 0x08000190   Section        8  entry9a.o(.ARM.Collect$$$$0000000B)
    __lit__00000000                          0x08000198   Data           4  entry2.o(.ARM.Collect$$$$00002712)
    .ARM.Collect$$$$0000000D                 0x08000198   Section        0  entry10a.o(.ARM.Collect$$$$0000000D)
    .ARM.Collect$$$$0000000F                 0x08000198   Section        0  entry11a.o(.ARM.Collect$$$$0000000F)
    .ARM.Collect$$$$00002712                 0x08000198   Section        4  entry2.o(.ARM.Collect$$$$00002712)
    $v0                                      0x0800019c   Number         0  startup_gd32f407_427.o(.text)
    .text                                    0x0800019c   Section       36  startup_gd32f407_427.o(.text)
    .text                                    0x080001c0   Section       48  init.o(.text)
    [Anonymous Symbol]                       0x080001f0   Section        0  gd32f4xx_it.o(.text.BusFault_Handler)
    [Anonymous Symbol]                       0x080001f4   Section        0  gd32f4xx_it.o(.text.DebugMon_Handler)
    [Anonymous Symbol]                       0x080001f8   Section        0  exti.o(.text.EXTI1_IRQHandler)
    [Anonymous Symbol]                       0x08000214   Section        0  main.o(.text.EXTI1_on_trig)
    [Anonymous Symbol]                       0x08000224   Section        0  exti.o(.text.EXTI_Init)
    [Anonymous Symbol]                       0x08000274   Section        0  gd32f4xx_it.o(.text.HardFault_Handler)
    [Anonymous Symbol]                       0x08000278   Section        0  gd32f4xx_it.o(.text.MemManage_Handler)
    [Anonymous Symbol]                       0x0800027c   Section        0  gd32f4xx_it.o(.text.NMI_Handler)
    [Anonymous Symbol]                       0x08000280   Section        0  gd32f4xx_it.o(.text.PendSV_Handler)
    [Anonymous Symbol]                       0x08000284   Section        0  gd32f4xx_it.o(.text.SVC_Handler)
    [Anonymous Symbol]                       0x08000288   Section        0  gd32f4xx_it.o(.text.SysTick_Handler)
    [Anonymous Symbol]                       0x0800028c   Section        0  system_gd32f4xx.o(.text.SystemInit)
    [Anonymous Symbol]                       0x080003e4   Section        0  usart0.o(.text.USART0_IRQHandler)
    [Anonymous Symbol]                       0x08000448   Section        0  usart0.o(.text.USART0_init)
    [Anonymous Symbol]                       0x080005b0   Section        0  main.o(.text.USART0_on_recv)
    [Anonymous Symbol]                       0x080005c0   Section        0  usart0.o(.text.USART0_send_data)
    [Anonymous Symbol]                       0x08000624   Section        0  usart2.o(.text.USART2_IRQHandler)
    [Anonymous Symbol]                       0x0800067c   Section        0  gd32f4xx_it.o(.text.UsageFault_Handler)
    [Anonymous Symbol]                       0x08000680   Section        0  systick.o(.text.delay_1ms)
    [Anonymous Symbol]                       0x08000698   Section        0  systick.o(.text.delay_decrement)
    [Anonymous Symbol]                       0x080006c8   Section        0  gd32f4xx_dma.o(.text.dma_channel_disable)
    [Anonymous Symbol]                       0x080006dc   Section        0  gd32f4xx_dma.o(.text.dma_channel_enable)
    [Anonymous Symbol]                       0x080006f0   Section        0  gd32f4xx_dma.o(.text.dma_channel_subperipheral_select)
    [Anonymous Symbol]                       0x08000708   Section        0  gd32f4xx_dma.o(.text.dma_deinit)
    [Anonymous Symbol]                       0x08000758   Section        0  gd32f4xx_dma.o(.text.dma_flag_clear)
    [Anonymous Symbol]                       0x08000790   Section        0  gd32f4xx_dma.o(.text.dma_flag_get)
    [Anonymous Symbol]                       0x080007b8   Section        0  gd32f4xx_dma.o(.text.dma_memory_address_config)
    [Anonymous Symbol]                       0x080007cc   Section        0  gd32f4xx_dma.o(.text.dma_single_data_mode_init)
    [Anonymous Symbol]                       0x08000854   Section        0  gd32f4xx_dma.o(.text.dma_single_data_para_struct_init)
    [Anonymous Symbol]                       0x0800086c   Section        0  gd32f4xx_dma.o(.text.dma_transfer_number_config)
    [Anonymous Symbol]                       0x08000878   Section        0  gd32f4xx_dma.o(.text.dma_transfer_number_get)
    [Anonymous Symbol]                       0x08000884   Section        0  gd32f4xx_exti.o(.text.exti_init)
    [Anonymous Symbol]                       0x08000920   Section        0  gd32f4xx_exti.o(.text.exti_interrupt_enable)
    [Anonymous Symbol]                       0x08000930   Section        0  gd32f4xx_exti.o(.text.exti_interrupt_flag_clear)
    [Anonymous Symbol]                       0x0800093c   Section        0  gd32f4xx_exti.o(.text.exti_interrupt_flag_get)
    [Anonymous Symbol]                       0x08000950   Section        0  usart0.o(.text.fputc)
    [Anonymous Symbol]                       0x0800096c   Section        0  gd32f4xx_gpio.o(.text.gpio_af_set)
    [Anonymous Symbol]                       0x080009dc   Section        0  gd32f4xx_gpio.o(.text.gpio_bit_reset)
    [Anonymous Symbol]                       0x080009e0   Section        0  gd32f4xx_gpio.o(.text.gpio_bit_toggle)
    [Anonymous Symbol]                       0x080009e4   Section        0  gd32f4xx_gpio.o(.text.gpio_mode_set)
    [Anonymous Symbol]                       0x08000a38   Section        0  gd32f4xx_gpio.o(.text.gpio_output_options_set)
    [Anonymous Symbol]                       0x08000a80   Section        0  main.o(.text.main)
    [Anonymous Symbol]                       0x08000b5c   Section        0  gd32f4xx_misc.o(.text.nvic_irq_enable)
    [Anonymous Symbol]                       0x08000c00   Section        0  gd32f4xx_misc.o(.text.nvic_priority_group_set)
    [Anonymous Symbol]                       0x08000c14   Section        0  gd32f4xx_pmu.o(.text.pmu_flag_clear)
    [Anonymous Symbol]                       0x08000c34   Section        0  gd32f4xx_pmu.o(.text.pmu_to_deepsleepmode)
    [Anonymous Symbol]                       0x08000d30   Section        0  gd32f4xx_pmu.o(.text.pmu_to_sleepmode)
    [Anonymous Symbol]                       0x08000d4c   Section        0  gd32f4xx_pmu.o(.text.pmu_to_standbymode)
    [Anonymous Symbol]                       0x08000da4   Section        0  gd32f4xx_pmu.o(.text.pmu_wakeup_pin_enable)
    [Anonymous Symbol]                       0x08000db8   Section        0  gd32f4xx_rcu.o(.text.rcu_clock_freq_get)
    [Anonymous Symbol]                       0x08000e74   Section        0  gd32f4xx_rcu.o(.text.rcu_periph_clock_enable)
    [Anonymous Symbol]                       0x08000e94   Section        0  gd32f4xx_rcu.o(.text.rcu_periph_reset_disable)
    [Anonymous Symbol]                       0x08000eb4   Section        0  gd32f4xx_rcu.o(.text.rcu_periph_reset_enable)
    [Anonymous Symbol]                       0x08000ed4   Section        0  gd32f4xx_syscfg.o(.text.syscfg_exti_line_config)
    [Anonymous Symbol]                       0x08000f58   Section        0  systick.o(.text.systick_config)
    [Anonymous Symbol]                       0x08000fa4   Section        0  gd32f4xx_usart.o(.text.usart_baudrate_set)
    [Anonymous Symbol]                       0x08001064   Section        0  gd32f4xx_usart.o(.text.usart_data_receive)
    [Anonymous Symbol]                       0x0800106c   Section        0  gd32f4xx_usart.o(.text.usart_deinit)
    [Anonymous Symbol]                       0x08001134   Section        0  gd32f4xx_usart.o(.text.usart_dma_receive_config)
    [Anonymous Symbol]                       0x08001148   Section        0  gd32f4xx_usart.o(.text.usart_dma_transmit_config)
    [Anonymous Symbol]                       0x0800115c   Section        0  gd32f4xx_usart.o(.text.usart_enable)
    [Anonymous Symbol]                       0x08001168   Section        0  gd32f4xx_usart.o(.text.usart_flag_clear)
    [Anonymous Symbol]                       0x08001190   Section        0  gd32f4xx_usart.o(.text.usart_flag_get)
    [Anonymous Symbol]                       0x080011a0   Section        0  gd32f4xx_usart.o(.text.usart_interrupt_enable)
    [Anonymous Symbol]                       0x080011b8   Section        0  gd32f4xx_usart.o(.text.usart_interrupt_flag_get)
    [Anonymous Symbol]                       0x080011dc   Section        0  gd32f4xx_usart.o(.text.usart_receive_config)
    [Anonymous Symbol]                       0x080011e8   Section        0  gd32f4xx_usart.o(.text.usart_transmit_config)
    i.__scatterload_copy                     0x080011f4   Section       14  handlers.o(i.__scatterload_copy)
    i.__scatterload_null                     0x08001202   Section        2  handlers.o(i.__scatterload_null)
    i.__scatterload_zeroinit                 0x08001204   Section       14  handlers.o(i.__scatterload_zeroinit)
    i.puts                                   0x08001214   Section        0  puts.o(i.puts)
    .L__const.rcu_clock_freq_get.apb2_exp    0x08001238   Data           8  gd32f4xx_rcu.o(.rodata.cst8)
    .Lstr.4                                  0x08001240   Data          16  main.o(.rodata.str1.1)
    [Anonymous Symbol]                       0x08001240   Section        0  main.o(.rodata.str1.1)
    .Lstr.5                                  0x08001250   Data          13  main.o(.rodata.str1.1)
    .Lstr                                    0x0800125d   Data          10  main.o(.rodata.str1.1)
    .data                                    0x20000000   Section        4  stdout.o(.data)
    RX0_Buffer                               0x20000008   Data         129  usart0.o(.bss.RX0_Buffer)
    [Anonymous Symbol]                       0x20000008   Section        0  usart0.o(.bss.RX0_Buffer)
    delay                                    0x2000008c   Data           4  systick.o(.bss.delay)
    [Anonymous Symbol]                       0x2000008c   Section        0  systick.o(.bss.delay)
    pmu_to_deepsleepmode.reg_snap.0          0x20000094   Data           4  gd32f4xx_pmu.o(.bss.pmu_to_deepsleepmode.reg_snap.0)
    [Anonymous Symbol]                       0x20000094   Section        0  gd32f4xx_pmu.o(.bss.pmu_to_deepsleepmode.reg_snap.0)
    pmu_to_deepsleepmode.reg_snap.1          0x20000098   Data           4  gd32f4xx_pmu.o(.bss.pmu_to_deepsleepmode.reg_snap.1)
    [Anonymous Symbol]                       0x20000098   Section        0  gd32f4xx_pmu.o(.bss.pmu_to_deepsleepmode.reg_snap.1)
    pmu_to_deepsleepmode.reg_snap.2          0x2000009c   Data           4  gd32f4xx_pmu.o(.bss.pmu_to_deepsleepmode.reg_snap.2)
    [Anonymous Symbol]                       0x2000009c   Section        0  gd32f4xx_pmu.o(.bss.pmu_to_deepsleepmode.reg_snap.2)
    pmu_to_deepsleepmode.reg_snap.3          0x200000a0   Data           4  gd32f4xx_pmu.o(.bss.pmu_to_deepsleepmode.reg_snap.3)
    [Anonymous Symbol]                       0x200000a0   Section        0  gd32f4xx_pmu.o(.bss.pmu_to_deepsleepmode.reg_snap.3)
    rx2_cnt                                  0x200000a4   Data           4  usart2.o(.bss.rx2_cnt)
    [Anonymous Symbol]                       0x200000a4   Section        0  usart2.o(.bss.rx2_cnt)
    tick_us                                  0x200000a8   Data           8  systick.o(.bss.tick_us)
    [Anonymous Symbol]                       0x200000a8   Section        0  systick.o(.bss.tick_us)
    STACK                                    0x200000b0   Section     1024  startup_gd32f407_427.o(STACK)

    Global Symbols

    Symbol Name                              Value     Ov Type        Size  Object(Section)

    BuildAttributes$$THM_ISAv4$E$P$D$K$B$S$7EM$VFPi3$EXTD16$VFPS$VFMA$PE$A:L22UL41UL21$X:L11$S22US41US21$IEEE1$IW$~IW$USESV6$~STKCKD$USESV7$~SHL$OTIME$ROPI$EBA8$MICROLIB$REQ8$PRES8$EABIv2 0x00000000   Number         0  anon$$obj.o ABSOLUTE
    _printf_a                                0x00000000   Number         0  printfstubs.o ABSOLUTE
    _printf_c                                0x00000000   Number         0  printfstubs.o ABSOLUTE
    _printf_charcount                        0x00000000   Number         0  printfstubs.o ABSOLUTE
    _printf_d                                0x00000000   Number         0  printfstubs.o ABSOLUTE
    _printf_e                                0x00000000   Number         0  printfstubs.o ABSOLUTE
    _printf_f                                0x00000000   Number         0  printfstubs.o ABSOLUTE
    _printf_flags                            0x00000000   Number         0  printfstubs.o ABSOLUTE
    _printf_fp_dec                           0x00000000   Number         0  printfstubs.o ABSOLUTE
    _printf_fp_hex                           0x00000000   Number         0  printfstubs.o ABSOLUTE
    _printf_g                                0x00000000   Number         0  printfstubs.o ABSOLUTE
    _printf_i                                0x00000000   Number         0  printfstubs.o ABSOLUTE
    _printf_int_dec                          0x00000000   Number         0  printfstubs.o ABSOLUTE
    _printf_l                                0x00000000   Number         0  printfstubs.o ABSOLUTE
    _printf_lc                               0x00000000   Number         0  printfstubs.o ABSOLUTE
    _printf_ll                               0x00000000   Number         0  printfstubs.o ABSOLUTE
    _printf_lld                              0x00000000   Number         0  printfstubs.o ABSOLUTE
    _printf_lli                              0x00000000   Number         0  printfstubs.o ABSOLUTE
    _printf_llo                              0x00000000   Number         0  printfstubs.o ABSOLUTE
    _printf_llu                              0x00000000   Number         0  printfstubs.o ABSOLUTE
    _printf_llx                              0x00000000   Number         0  printfstubs.o ABSOLUTE
    _printf_longlong_dec                     0x00000000   Number         0  printfstubs.o ABSOLUTE
    _printf_longlong_hex                     0x00000000   Number         0  printfstubs.o ABSOLUTE
    _printf_longlong_oct                     0x00000000   Number         0  printfstubs.o ABSOLUTE
    _printf_ls                               0x00000000   Number         0  printfstubs.o ABSOLUTE
    _printf_mbtowc                           0x00000000   Number         0  printfstubs.o ABSOLUTE
    _printf_n                                0x00000000   Number         0  printfstubs.o ABSOLUTE
    _printf_o                                0x00000000   Number         0  printfstubs.o ABSOLUTE
    _printf_p                                0x00000000   Number         0  printfstubs.o ABSOLUTE
    _printf_percent                          0x00000000   Number         0  printfstubs.o ABSOLUTE
    _printf_pre_padding                      0x00000000   Number         0  printfstubs.o ABSOLUTE
    _printf_return_value                     0x00000000   Number         0  printfstubs.o ABSOLUTE
    _printf_s                                0x00000000   Number         0  printfstubs.o ABSOLUTE
    _printf_sizespec                         0x00000000   Number         0  printfstubs.o ABSOLUTE
    _printf_str                              0x00000000   Number         0  printfstubs.o ABSOLUTE
    _printf_truncate_signed                  0x00000000   Number         0  printfstubs.o ABSOLUTE
    _printf_truncate_unsigned                0x00000000   Number         0  printfstubs.o ABSOLUTE
    _printf_u                                0x00000000   Number         0  printfstubs.o ABSOLUTE
    _printf_wc                               0x00000000   Number         0  printfstubs.o ABSOLUTE
    _printf_wctomb                           0x00000000   Number         0  printfstubs.o ABSOLUTE
    _printf_widthprec                        0x00000000   Number         0  printfstubs.o ABSOLUTE
    _printf_x                                0x00000000   Number         0  printfstubs.o ABSOLUTE
    __cpp_initialize__aeabi_                  - Undefined Weak Reference
    __cxa_finalize                            - Undefined Weak Reference
    __decompress                              - Undefined Weak Reference
    _clock_init                               - Undefined Weak Reference
    _microlib_exit                            - Undefined Weak Reference
    __Vectors_Size                           0x00000188   Number         0  startup_gd32f407_427.o ABSOLUTE
    __Vectors                                0x08000000   Data           4  startup_gd32f407_427.o(RESET)
    __Vectors_End                            0x08000188   Data           0  startup_gd32f407_427.o(RESET)
    __main                                   0x08000189   Thumb Code     0  entry.o(.ARM.Collect$$$$00000000)
    _main_stk                                0x08000189   Thumb Code     0  entry2.o(.ARM.Collect$$$$00000001)
    _main_scatterload                        0x0800018d   Thumb Code     0  entry5.o(.ARM.Collect$$$$00000004)
    __main_after_scatterload                 0x08000191   Thumb Code     0  entry5.o(.ARM.Collect$$$$00000004)
    _main_clock                              0x08000191   Thumb Code     0  entry7b.o(.ARM.Collect$$$$00000008)
    _main_cpp_init                           0x08000191   Thumb Code     0  entry8b.o(.ARM.Collect$$$$0000000A)
    _main_init                               0x08000191   Thumb Code     0  entry9a.o(.ARM.Collect$$$$0000000B)
    __rt_final_cpp                           0x08000199   Thumb Code     0  entry10a.o(.ARM.Collect$$$$0000000D)
    __rt_final_exit                          0x08000199   Thumb Code     0  entry11a.o(.ARM.Collect$$$$0000000F)
    Reset_Handler                            0x0800019d   Thumb Code     8  startup_gd32f407_427.o(.text)
    ADC_IRQHandler                           0x080001b7   Thumb Code     0  startup_gd32f407_427.o(.text)
    CAN0_EWMC_IRQHandler                     0x080001b7   Thumb Code     0  startup_gd32f407_427.o(.text)
    CAN0_RX0_IRQHandler                      0x080001b7   Thumb Code     0  startup_gd32f407_427.o(.text)
    CAN0_RX1_IRQHandler                      0x080001b7   Thumb Code     0  startup_gd32f407_427.o(.text)
    CAN0_TX_IRQHandler                       0x080001b7   Thumb Code     0  startup_gd32f407_427.o(.text)
    CAN1_EWMC_IRQHandler                     0x080001b7   Thumb Code     0  startup_gd32f407_427.o(.text)
    CAN1_RX0_IRQHandler                      0x080001b7   Thumb Code     0  startup_gd32f407_427.o(.text)
    CAN1_RX1_IRQHandler                      0x080001b7   Thumb Code     0  startup_gd32f407_427.o(.text)
    CAN1_TX_IRQHandler                       0x080001b7   Thumb Code     0  startup_gd32f407_427.o(.text)
    DCI_IRQHandler                           0x080001b7   Thumb Code     0  startup_gd32f407_427.o(.text)
    DMA0_Channel0_IRQHandler                 0x080001b7   Thumb Code     0  startup_gd32f407_427.o(.text)
    DMA0_Channel1_IRQHandler                 0x080001b7   Thumb Code     0  startup_gd32f407_427.o(.text)
    DMA0_Channel2_IRQHandler                 0x080001b7   Thumb Code     0  startup_gd32f407_427.o(.text)
    DMA0_Channel3_IRQHandler                 0x080001b7   Thumb Code     0  startup_gd32f407_427.o(.text)
    DMA0_Channel4_IRQHandler                 0x080001b7   Thumb Code     0  startup_gd32f407_427.o(.text)
    DMA0_Channel5_IRQHandler                 0x080001b7   Thumb Code     0  startup_gd32f407_427.o(.text)
    DMA0_Channel6_IRQHandler                 0x080001b7   Thumb Code     0  startup_gd32f407_427.o(.text)
    DMA0_Channel7_IRQHandler                 0x080001b7   Thumb Code     0  startup_gd32f407_427.o(.text)
    DMA1_Channel0_IRQHandler                 0x080001b7   Thumb Code     0  startup_gd32f407_427.o(.text)
    DMA1_Channel1_IRQHandler                 0x080001b7   Thumb Code     0  startup_gd32f407_427.o(.text)
    DMA1_Channel2_IRQHandler                 0x080001b7   Thumb Code     0  startup_gd32f407_427.o(.text)
    DMA1_Channel3_IRQHandler                 0x080001b7   Thumb Code     0  startup_gd32f407_427.o(.text)
    DMA1_Channel4_IRQHandler                 0x080001b7   Thumb Code     0  startup_gd32f407_427.o(.text)
    DMA1_Channel5_IRQHandler                 0x080001b7   Thumb Code     0  startup_gd32f407_427.o(.text)
    DMA1_Channel6_IRQHandler                 0x080001b7   Thumb Code     0  startup_gd32f407_427.o(.text)
    DMA1_Channel7_IRQHandler                 0x080001b7   Thumb Code     0  startup_gd32f407_427.o(.text)
    ENET_IRQHandler                          0x080001b7   Thumb Code     0  startup_gd32f407_427.o(.text)
    ENET_WKUP_IRQHandler                     0x080001b7   Thumb Code     0  startup_gd32f407_427.o(.text)
    EXMC_IRQHandler                          0x080001b7   Thumb Code     0  startup_gd32f407_427.o(.text)
    EXTI0_IRQHandler                         0x080001b7   Thumb Code     0  startup_gd32f407_427.o(.text)
    EXTI10_15_IRQHandler                     0x080001b7   Thumb Code     0  startup_gd32f407_427.o(.text)
    EXTI2_IRQHandler                         0x080001b7   Thumb Code     0  startup_gd32f407_427.o(.text)
    EXTI3_IRQHandler                         0x080001b7   Thumb Code     0  startup_gd32f407_427.o(.text)
    EXTI4_IRQHandler                         0x080001b7   Thumb Code     0  startup_gd32f407_427.o(.text)
    EXTI5_9_IRQHandler                       0x080001b7   Thumb Code     0  startup_gd32f407_427.o(.text)
    FMC_IRQHandler                           0x080001b7   Thumb Code     0  startup_gd32f407_427.o(.text)
    FPU_IRQHandler                           0x080001b7   Thumb Code     0  startup_gd32f407_427.o(.text)
    I2C0_ER_IRQHandler                       0x080001b7   Thumb Code     0  startup_gd32f407_427.o(.text)
    I2C0_EV_IRQHandler                       0x080001b7   Thumb Code     0  startup_gd32f407_427.o(.text)
    I2C1_ER_IRQHandler                       0x080001b7   Thumb Code     0  startup_gd32f407_427.o(.text)
    I2C1_EV_IRQHandler                       0x080001b7   Thumb Code     0  startup_gd32f407_427.o(.text)
    I2C2_ER_IRQHandler                       0x080001b7   Thumb Code     0  startup_gd32f407_427.o(.text)
    I2C2_EV_IRQHandler                       0x080001b7   Thumb Code     0  startup_gd32f407_427.o(.text)
    LVD_IRQHandler                           0x080001b7   Thumb Code     0  startup_gd32f407_427.o(.text)
    RCU_CTC_IRQHandler                       0x080001b7   Thumb Code     0  startup_gd32f407_427.o(.text)
    RTC_Alarm_IRQHandler                     0x080001b7   Thumb Code     0  startup_gd32f407_427.o(.text)
    RTC_WKUP_IRQHandler                      0x080001b7   Thumb Code     0  startup_gd32f407_427.o(.text)
    SDIO_IRQHandler                          0x080001b7   Thumb Code     0  startup_gd32f407_427.o(.text)
    SPI0_IRQHandler                          0x080001b7   Thumb Code     0  startup_gd32f407_427.o(.text)
    SPI1_IRQHandler                          0x080001b7   Thumb Code     0  startup_gd32f407_427.o(.text)
    SPI2_IRQHandler                          0x080001b7   Thumb Code     0  startup_gd32f407_427.o(.text)
    TAMPER_STAMP_IRQHandler                  0x080001b7   Thumb Code     0  startup_gd32f407_427.o(.text)
    TIMER0_BRK_TIMER8_IRQHandler             0x080001b7   Thumb Code     0  startup_gd32f407_427.o(.text)
    TIMER0_Channel_IRQHandler                0x080001b7   Thumb Code     0  startup_gd32f407_427.o(.text)
    TIMER0_TRG_CMT_TIMER10_IRQHandler        0x080001b7   Thumb Code     0  startup_gd32f407_427.o(.text)
    TIMER0_UP_TIMER9_IRQHandler              0x080001b7   Thumb Code     0  startup_gd32f407_427.o(.text)
    TIMER1_IRQHandler                        0x080001b7   Thumb Code     0  startup_gd32f407_427.o(.text)
    TIMER2_IRQHandler                        0x080001b7   Thumb Code     0  startup_gd32f407_427.o(.text)
    TIMER3_IRQHandler                        0x080001b7   Thumb Code     0  startup_gd32f407_427.o(.text)
    TIMER4_IRQHandler                        0x080001b7   Thumb Code     0  startup_gd32f407_427.o(.text)
    TIMER5_DAC_IRQHandler                    0x080001b7   Thumb Code     0  startup_gd32f407_427.o(.text)
    TIMER6_IRQHandler                        0x080001b7   Thumb Code     0  startup_gd32f407_427.o(.text)
    TIMER7_BRK_TIMER11_IRQHandler            0x080001b7   Thumb Code     0  startup_gd32f407_427.o(.text)
    TIMER7_Channel_IRQHandler                0x080001b7   Thumb Code     0  startup_gd32f407_427.o(.text)
    TIMER7_TRG_CMT_TIMER13_IRQHandler        0x080001b7   Thumb Code     0  startup_gd32f407_427.o(.text)
    TIMER7_UP_TIMER12_IRQHandler             0x080001b7   Thumb Code     0  startup_gd32f407_427.o(.text)
    TRNG_IRQHandler                          0x080001b7   Thumb Code     0  startup_gd32f407_427.o(.text)
    UART3_IRQHandler                         0x080001b7   Thumb Code     0  startup_gd32f407_427.o(.text)
    UART4_IRQHandler                         0x080001b7   Thumb Code     0  startup_gd32f407_427.o(.text)
    USART1_IRQHandler                        0x080001b7   Thumb Code     0  startup_gd32f407_427.o(.text)
    USART5_IRQHandler                        0x080001b7   Thumb Code     0  startup_gd32f407_427.o(.text)
    USBFS_IRQHandler                         0x080001b7   Thumb Code     0  startup_gd32f407_427.o(.text)
    USBFS_WKUP_IRQHandler                    0x080001b7   Thumb Code     0  startup_gd32f407_427.o(.text)
    USBHS_EP1_In_IRQHandler                  0x080001b7   Thumb Code     0  startup_gd32f407_427.o(.text)
    USBHS_EP1_Out_IRQHandler                 0x080001b7   Thumb Code     0  startup_gd32f407_427.o(.text)
    USBHS_IRQHandler                         0x080001b7   Thumb Code     0  startup_gd32f407_427.o(.text)
    USBHS_WKUP_IRQHandler                    0x080001b7   Thumb Code     0  startup_gd32f407_427.o(.text)
    WWDGT_IRQHandler                         0x080001b7   Thumb Code     0  startup_gd32f407_427.o(.text)
    __scatterload                            0x080001c1   Thumb Code    38  init.o(.text)
    __scatterload_rt2                        0x080001c1   Thumb Code     0  init.o(.text)
    BusFault_Handler                         0x080001f1   Thumb Code     2  gd32f4xx_it.o(.text.BusFault_Handler)
    DebugMon_Handler                         0x080001f5   Thumb Code     2  gd32f4xx_it.o(.text.DebugMon_Handler)
    EXTI1_IRQHandler                         0x080001f9   Thumb Code    28  exti.o(.text.EXTI1_IRQHandler)
    EXTI1_on_trig                            0x08000215   Thumb Code     8  main.o(.text.EXTI1_on_trig)
    EXTI_Init                                0x08000225   Thumb Code    80  exti.o(.text.EXTI_Init)
    HardFault_Handler                        0x08000275   Thumb Code     2  gd32f4xx_it.o(.text.HardFault_Handler)
    MemManage_Handler                        0x08000279   Thumb Code     2  gd32f4xx_it.o(.text.MemManage_Handler)
    NMI_Handler                              0x0800027d   Thumb Code     2  gd32f4xx_it.o(.text.NMI_Handler)
    PendSV_Handler                           0x08000281   Thumb Code     2  gd32f4xx_it.o(.text.PendSV_Handler)
    SVC_Handler                              0x08000285   Thumb Code     2  gd32f4xx_it.o(.text.SVC_Handler)
    SysTick_Handler                          0x08000289   Thumb Code     4  gd32f4xx_it.o(.text.SysTick_Handler)
    SystemInit                               0x0800028d   Thumb Code   342  system_gd32f4xx.o(.text.SystemInit)
    USART0_IRQHandler                        0x080003e5   Thumb Code    98  usart0.o(.text.USART0_IRQHandler)
    USART0_init                              0x08000449   Thumb Code   360  usart0.o(.text.USART0_init)
    USART0_on_recv                           0x080005b1   Thumb Code    14  main.o(.text.USART0_on_recv)
    USART0_send_data                         0x080005c1   Thumb Code   100  usart0.o(.text.USART0_send_data)
    USART2_IRQHandler                        0x08000625   Thumb Code    88  usart2.o(.text.USART2_IRQHandler)
    UsageFault_Handler                       0x0800067d   Thumb Code     2  gd32f4xx_it.o(.text.UsageFault_Handler)
    delay_1ms                                0x08000681   Thumb Code    24  systick.o(.text.delay_1ms)
    delay_decrement                          0x08000699   Thumb Code    46  systick.o(.text.delay_decrement)
    dma_channel_disable                      0x080006c9   Thumb Code    18  gd32f4xx_dma.o(.text.dma_channel_disable)
    dma_channel_enable                       0x080006dd   Thumb Code    18  gd32f4xx_dma.o(.text.dma_channel_enable)
    dma_channel_subperipheral_select         0x080006f1   Thumb Code    22  gd32f4xx_dma.o(.text.dma_channel_subperipheral_select)
    dma_deinit                               0x08000709   Thumb Code    78  gd32f4xx_dma.o(.text.dma_deinit)
    dma_flag_clear                           0x08000759   Thumb Code    54  gd32f4xx_dma.o(.text.dma_flag_clear)
    dma_flag_get                             0x08000791   Thumb Code    40  gd32f4xx_dma.o(.text.dma_flag_get)
    dma_memory_address_config                0x080007b9   Thumb Code    20  gd32f4xx_dma.o(.text.dma_memory_address_config)
    dma_single_data_mode_init                0x080007cd   Thumb Code   136  gd32f4xx_dma.o(.text.dma_single_data_mode_init)
    dma_single_data_para_struct_init         0x08000855   Thumb Code    24  gd32f4xx_dma.o(.text.dma_single_data_para_struct_init)
    dma_transfer_number_config               0x0800086d   Thumb Code    12  gd32f4xx_dma.o(.text.dma_transfer_number_config)
    dma_transfer_number_get                  0x08000879   Thumb Code    12  gd32f4xx_dma.o(.text.dma_transfer_number_get)
    exti_init                                0x08000885   Thumb Code   156  gd32f4xx_exti.o(.text.exti_init)
    exti_interrupt_enable                    0x08000921   Thumb Code    16  gd32f4xx_exti.o(.text.exti_interrupt_enable)
    exti_interrupt_flag_clear                0x08000931   Thumb Code    12  gd32f4xx_exti.o(.text.exti_interrupt_flag_clear)
    exti_interrupt_flag_get                  0x0800093d   Thumb Code    18  gd32f4xx_exti.o(.text.exti_interrupt_flag_get)
    fputc                                    0x08000951   Thumb Code    26  usart0.o(.text.fputc)
    gpio_af_set                              0x0800096d   Thumb Code   110  gd32f4xx_gpio.o(.text.gpio_af_set)
    gpio_bit_reset                           0x080009dd   Thumb Code     4  gd32f4xx_gpio.o(.text.gpio_bit_reset)
    gpio_bit_toggle                          0x080009e1   Thumb Code     4  gd32f4xx_gpio.o(.text.gpio_bit_toggle)
    gpio_mode_set                            0x080009e5   Thumb Code    84  gd32f4xx_gpio.o(.text.gpio_mode_set)
    gpio_output_options_set                  0x08000a39   Thumb Code    70  gd32f4xx_gpio.o(.text.gpio_output_options_set)
    main                                     0x08000a81   Thumb Code   220  main.o(.text.main)
    nvic_irq_enable                          0x08000b5d   Thumb Code   164  gd32f4xx_misc.o(.text.nvic_irq_enable)
    nvic_priority_group_set                  0x08000c01   Thumb Code    20  gd32f4xx_misc.o(.text.nvic_priority_group_set)
    pmu_flag_clear                           0x08000c15   Thumb Code    30  gd32f4xx_pmu.o(.text.pmu_flag_clear)
    pmu_to_deepsleepmode                     0x08000c35   Thumb Code   250  gd32f4xx_pmu.o(.text.pmu_to_deepsleepmode)
    pmu_to_sleepmode                         0x08000d31   Thumb Code    26  gd32f4xx_pmu.o(.text.pmu_to_sleepmode)
    pmu_to_standbymode                       0x08000d4d   Thumb Code    88  gd32f4xx_pmu.o(.text.pmu_to_standbymode)
    pmu_wakeup_pin_enable                    0x08000da5   Thumb Code    18  gd32f4xx_pmu.o(.text.pmu_wakeup_pin_enable)
    rcu_clock_freq_get                       0x08000db9   Thumb Code   172  gd32f4xx_rcu.o(.text.rcu_clock_freq_get)
    rcu_periph_clock_enable                  0x08000e75   Thumb Code    30  gd32f4xx_rcu.o(.text.rcu_periph_clock_enable)
    rcu_periph_reset_disable                 0x08000e95   Thumb Code    32  gd32f4xx_rcu.o(.text.rcu_periph_reset_disable)
    rcu_periph_reset_enable                  0x08000eb5   Thumb Code    30  gd32f4xx_rcu.o(.text.rcu_periph_reset_enable)
    syscfg_exti_line_config                  0x08000ed5   Thumb Code   132  gd32f4xx_syscfg.o(.text.syscfg_exti_line_config)
    systick_config                           0x08000f59   Thumb Code    74  systick.o(.text.systick_config)
    usart_baudrate_set                       0x08000fa5   Thumb Code   190  gd32f4xx_usart.o(.text.usart_baudrate_set)
    usart_data_receive                       0x08001065   Thumb Code     8  gd32f4xx_usart.o(.text.usart_data_receive)
    usart_deinit                             0x0800106d   Thumb Code   200  gd32f4xx_usart.o(.text.usart_deinit)
    usart_dma_receive_config                 0x08001135   Thumb Code    20  gd32f4xx_usart.o(.text.usart_dma_receive_config)
    usart_dma_transmit_config                0x08001149   Thumb Code    20  gd32f4xx_usart.o(.text.usart_dma_transmit_config)
    usart_enable                             0x0800115d   Thumb Code    10  gd32f4xx_usart.o(.text.usart_enable)
    usart_flag_clear                         0x08001169   Thumb Code    40  gd32f4xx_usart.o(.text.usart_flag_clear)
    usart_flag_get                           0x08001191   Thumb Code    16  gd32f4xx_usart.o(.text.usart_flag_get)
    usart_interrupt_enable                   0x080011a1   Thumb Code    22  gd32f4xx_usart.o(.text.usart_interrupt_enable)
    usart_interrupt_flag_get                 0x080011b9   Thumb Code    34  gd32f4xx_usart.o(.text.usart_interrupt_flag_get)
    usart_receive_config                     0x080011dd   Thumb Code    12  gd32f4xx_usart.o(.text.usart_receive_config)
    usart_transmit_config                    0x080011e9   Thumb Code    12  gd32f4xx_usart.o(.text.usart_transmit_config)
    __scatterload_copy                       0x080011f5   Thumb Code    14  handlers.o(i.__scatterload_copy)
    __scatterload_null                       0x08001203   Thumb Code     2  handlers.o(i.__scatterload_null)
    __scatterload_zeroinit                   0x08001205   Thumb Code    14  handlers.o(i.__scatterload_zeroinit)
    puts                                     0x08001215   Thumb Code    30  puts.o(i.puts)
    Region$$Table$$Base                      0x08001268   Number         0  anon$$obj.o(Region$$Table)
    Region$$Table$$Limit                     0x08001288   Number         0  anon$$obj.o(Region$$Table)
    __stdout                                 0x20000000   Data           4  stdout.o(.data)
    SystemCoreClock                          0x20000004   Data           4  system_gd32f4xx.o(.data.SystemCoreClock)
    flag                                     0x20000090   Data           1  main.o(.bss.flag)
    __initial_sp                             0x200004b0   Data           0  startup_gd32f407_427.o(STACK)



==============================================================================

Memory Map of the image

  Image Entry point : 0x08000189

  Load Region LR_IROM1 (Base: 0x08000000, Size: 0x00001290, Max: 0x00080000, ABSOLUTE)

    Execution Region ER_IROM1 (Exec base: 0x08000000, Load base: 0x08000000, Size: 0x00001288, Max: 0x00080000, ABSOLUTE)

    Exec Addr    Load Addr    Size         Type   Attr      Idx    E Section Name        Object

    0x08000000   0x08000000   0x00000188   Data   RO           71    RESET               startup_gd32f407_427.o
    0x08000188   0x08000188   0x00000000   Code   RO         1617  * .ARM.Collect$$$$00000000  mc_w.l(entry.o)
    0x08000188   0x08000188   0x00000004   Code   RO         1903    .ARM.Collect$$$$00000001  mc_w.l(entry2.o)
    0x0800018c   0x0800018c   0x00000004   Code   RO         1906    .ARM.Collect$$$$00000004  mc_w.l(entry5.o)
    0x08000190   0x08000190   0x00000000   Code   RO         1908    .ARM.Collect$$$$00000008  mc_w.l(entry7b.o)
    0x08000190   0x08000190   0x00000000   Code   RO         1910    .ARM.Collect$$$$0000000A  mc_w.l(entry8b.o)
    0x08000190   0x08000190   0x00000008   Code   RO         1911    .ARM.Collect$$$$0000000B  mc_w.l(entry9a.o)
    0x08000198   0x08000198   0x00000000   Code   RO         1913    .ARM.Collect$$$$0000000D  mc_w.l(entry10a.o)
    0x08000198   0x08000198   0x00000000   Code   RO         1915    .ARM.Collect$$$$0000000F  mc_w.l(entry11a.o)
    0x08000198   0x08000198   0x00000004   Code   RO         1904    .ARM.Collect$$$$00002712  mc_w.l(entry2.o)
    0x0800019c   0x0800019c   0x00000024   Code   RO           72    .text               startup_gd32f407_427.o
    0x080001c0   0x080001c0   0x00000030   Code   RO         1944    .text               mc_w.l(init.o)
    0x080001f0   0x080001f0   0x00000002   Code   RO            8    .text.BusFault_Handler  gd32f4xx_it.o
    0x080001f2   0x080001f2   0x00000002   PAD
    0x080001f4   0x080001f4   0x00000002   Code   RO           14    .text.DebugMon_Handler  gd32f4xx_it.o
    0x080001f6   0x080001f6   0x00000002   PAD
    0x080001f8   0x080001f8   0x0000001c   Code   RO         1430    .text.EXTI1_IRQHandler  exti.o
    0x08000214   0x08000214   0x00000010   Code   RO           55    .text.EXTI1_on_trig  main.o
    0x08000224   0x08000224   0x00000050   Code   RO         1428    .text.EXTI_Init     exti.o
    0x08000274   0x08000274   0x00000002   Code   RO            4    .text.HardFault_Handler  gd32f4xx_it.o
    0x08000276   0x08000276   0x00000002   PAD
    0x08000278   0x08000278   0x00000002   Code   RO            6    .text.MemManage_Handler  gd32f4xx_it.o
    0x0800027a   0x0800027a   0x00000002   PAD
    0x0800027c   0x0800027c   0x00000002   Code   RO            2    .text.NMI_Handler   gd32f4xx_it.o
    0x0800027e   0x0800027e   0x00000002   PAD
    0x08000280   0x08000280   0x00000002   Code   RO           16    .text.PendSV_Handler  gd32f4xx_it.o
    0x08000282   0x08000282   0x00000002   PAD
    0x08000284   0x08000284   0x00000002   Code   RO           12    .text.SVC_Handler   gd32f4xx_it.o
    0x08000286   0x08000286   0x00000002   PAD
    0x08000288   0x08000288   0x00000004   Code   RO           18    .text.SysTick_Handler  gd32f4xx_it.o
    0x0800028c   0x0800028c   0x00000156   Code   RO           79    .text.SystemInit    system_gd32f4xx.o
    0x080003e2   0x080003e2   0x00000002   PAD
    0x080003e4   0x080003e4   0x00000062   Code   RO         1417    .text.USART0_IRQHandler  usart0.o
    0x08000446   0x08000446   0x00000002   PAD
    0x08000448   0x08000448   0x00000168   Code   RO         1407    .text.USART0_init   usart0.o
    0x080005b0   0x080005b0   0x0000000e   Code   RO           47    .text.USART0_on_recv  main.o
    0x080005be   0x080005be   0x00000002   PAD
    0x080005c0   0x080005c0   0x00000064   Code   RO         1411    .text.USART0_send_data  usart0.o
    0x08000624   0x08000624   0x00000058   Code   RO         1479    .text.USART2_IRQHandler  usart2.o
    0x0800067c   0x0800067c   0x00000002   Code   RO           10    .text.UsageFault_Handler  gd32f4xx_it.o
    0x0800067e   0x0800067e   0x00000002   PAD
    0x08000680   0x08000680   0x00000018   Code   RO           29    .text.delay_1ms     systick.o
    0x08000698   0x08000698   0x0000002e   Code   RO           33    .text.delay_decrement  systick.o
    0x080006c6   0x080006c6   0x00000002   PAD
    0x080006c8   0x080006c8   0x00000012   Code   RO          619    .text.dma_channel_disable  gd32f4xx_dma.o
    0x080006da   0x080006da   0x00000002   PAD
    0x080006dc   0x080006dc   0x00000012   Code   RO          617    .text.dma_channel_enable  gd32f4xx_dma.o
    0x080006ee   0x080006ee   0x00000002   PAD
    0x080006f0   0x080006f0   0x00000016   Code   RO          627    .text.dma_channel_subperipheral_select  gd32f4xx_dma.o
    0x08000706   0x08000706   0x00000002   PAD
    0x08000708   0x08000708   0x0000004e   Code   RO          581    .text.dma_deinit    gd32f4xx_dma.o
    0x08000756   0x08000756   0x00000002   PAD
    0x08000758   0x08000758   0x00000036   Code   RO          637    .text.dma_flag_clear  gd32f4xx_dma.o
    0x0800078e   0x0800078e   0x00000002   PAD
    0x08000790   0x08000790   0x00000028   Code   RO          635    .text.dma_flag_get  gd32f4xx_dma.o
    0x080007b8   0x080007b8   0x00000014   Code   RO          593    .text.dma_memory_address_config  gd32f4xx_dma.o
    0x080007cc   0x080007cc   0x00000088   Code   RO          587    .text.dma_single_data_mode_init  gd32f4xx_dma.o
    0x08000854   0x08000854   0x00000018   Code   RO          583    .text.dma_single_data_para_struct_init  gd32f4xx_dma.o
    0x0800086c   0x0800086c   0x0000000c   Code   RO          595    .text.dma_transfer_number_config  gd32f4xx_dma.o
    0x08000878   0x08000878   0x0000000c   Code   RO          597    .text.dma_transfer_number_get  gd32f4xx_dma.o
    0x08000884   0x08000884   0x0000009c   Code   RO          375    .text.exti_init     gd32f4xx_exti.o
    0x08000920   0x08000920   0x00000010   Code   RO          377    .text.exti_interrupt_enable  gd32f4xx_exti.o
    0x08000930   0x08000930   0x0000000c   Code   RO          395    .text.exti_interrupt_flag_clear  gd32f4xx_exti.o
    0x0800093c   0x0800093c   0x00000012   Code   RO          393    .text.exti_interrupt_flag_get  gd32f4xx_exti.o
    0x0800094e   0x0800094e   0x00000002   PAD
    0x08000950   0x08000950   0x0000001a   Code   RO         1415    .text.fputc         usart0.o
    0x0800096a   0x0800096a   0x00000002   PAD
    0x0800096c   0x0800096c   0x0000006e   Code   RO          114    .text.gpio_af_set   gd32f4xx_gpio.o
    0x080009da   0x080009da   0x00000002   PAD
    0x080009dc   0x080009dc   0x00000004   Code   RO          100    .text.gpio_bit_reset  gd32f4xx_gpio.o
    0x080009e0   0x080009e0   0x00000004   Code   RO          118    .text.gpio_bit_toggle  gd32f4xx_gpio.o
    0x080009e4   0x080009e4   0x00000054   Code   RO           94    .text.gpio_mode_set  gd32f4xx_gpio.o
    0x08000a38   0x08000a38   0x00000046   Code   RO           96    .text.gpio_output_options_set  gd32f4xx_gpio.o
    0x08000a7e   0x08000a7e   0x00000002   PAD
    0x08000a80   0x08000a80   0x000000dc   Code   RO           57    .text.main          main.o
    0x08000b5c   0x08000b5c   0x000000a4   Code   RO          235    .text.nvic_irq_enable  gd32f4xx_misc.o
    0x08000c00   0x08000c00   0x00000014   Code   RO          233    .text.nvic_priority_group_set  gd32f4xx_misc.o
    0x08000c14   0x08000c14   0x0000001e   Code   RO          695    .text.pmu_flag_clear  gd32f4xx_pmu.o
    0x08000c32   0x08000c32   0x00000002   PAD
    0x08000c34   0x08000c34   0x000000fa   Code   RO          681    .text.pmu_to_deepsleepmode  gd32f4xx_pmu.o
    0x08000d2e   0x08000d2e   0x00000002   PAD
    0x08000d30   0x08000d30   0x0000001a   Code   RO          679    .text.pmu_to_sleepmode  gd32f4xx_pmu.o
    0x08000d4a   0x08000d4a   0x00000002   PAD
    0x08000d4c   0x08000d4c   0x00000058   Code   RO          683    .text.pmu_to_standbymode  gd32f4xx_pmu.o
    0x08000da4   0x08000da4   0x00000012   Code   RO          685    .text.pmu_wakeup_pin_enable  gd32f4xx_pmu.o
    0x08000db6   0x08000db6   0x00000002   PAD
    0x08000db8   0x08000db8   0x000000bc   Code   RO          212    .text.rcu_clock_freq_get  gd32f4xx_rcu.o
    0x08000e74   0x08000e74   0x0000001e   Code   RO          134    .text.rcu_periph_clock_enable  gd32f4xx_rcu.o
    0x08000e92   0x08000e92   0x00000002   PAD
    0x08000e94   0x08000e94   0x00000020   Code   RO          144    .text.rcu_periph_reset_disable  gd32f4xx_rcu.o
    0x08000eb4   0x08000eb4   0x0000001e   Code   RO          142    .text.rcu_periph_reset_enable  gd32f4xx_rcu.o
    0x08000ed2   0x08000ed2   0x00000002   PAD
    0x08000ed4   0x08000ed4   0x00000084   Code   RO          413    .text.syscfg_exti_line_config  gd32f4xx_syscfg.o
    0x08000f58   0x08000f58   0x0000004a   Code   RO           27    .text.systick_config  systick.o
    0x08000fa2   0x08000fa2   0x00000002   PAD
    0x08000fa4   0x08000fa4   0x000000be   Code   RO          257    .text.usart_baudrate_set  gd32f4xx_usart.o
    0x08001062   0x08001062   0x00000002   PAD
    0x08001064   0x08001064   0x00000008   Code   RO          289    .text.usart_data_receive  gd32f4xx_usart.o
    0x0800106c   0x0800106c   0x000000c8   Code   RO          255    .text.usart_deinit  gd32f4xx_usart.o
    0x08001134   0x08001134   0x00000014   Code   RO          349    .text.usart_dma_receive_config  gd32f4xx_usart.o
    0x08001148   0x08001148   0x00000014   Code   RO          351    .text.usart_dma_transmit_config  gd32f4xx_usart.o
    0x0800115c   0x0800115c   0x0000000a   Code   RO          265    .text.usart_enable  gd32f4xx_usart.o
    0x08001166   0x08001166   0x00000002   PAD
    0x08001168   0x08001168   0x00000028   Code   RO          355    .text.usart_flag_clear  gd32f4xx_usart.o
    0x08001190   0x08001190   0x00000010   Code   RO          353    .text.usart_flag_get  gd32f4xx_usart.o
    0x080011a0   0x080011a0   0x00000016   Code   RO          357    .text.usart_interrupt_enable  gd32f4xx_usart.o
    0x080011b6   0x080011b6   0x00000002   PAD
    0x080011b8   0x080011b8   0x00000022   Code   RO          361    .text.usart_interrupt_flag_get  gd32f4xx_usart.o
    0x080011da   0x080011da   0x00000002   PAD
    0x080011dc   0x080011dc   0x0000000c   Code   RO          271    .text.usart_receive_config  gd32f4xx_usart.o
    0x080011e8   0x080011e8   0x0000000c   Code   RO          269    .text.usart_transmit_config  gd32f4xx_usart.o
    0x080011f4   0x080011f4   0x0000000e   Code   RO         1950    i.__scatterload_copy  mc_w.l(handlers.o)
    0x08001202   0x08001202   0x00000002   Code   RO         1951    i.__scatterload_null  mc_w.l(handlers.o)
    0x08001204   0x08001204   0x0000000e   Code   RO         1952    i.__scatterload_zeroinit  mc_w.l(handlers.o)
    0x08001212   0x08001212   0x00000002   PAD
    0x08001214   0x08001214   0x00000024   Code   RO         1620    i.puts              mc_w.l(puts.o)
    0x08001238   0x08001238   0x00000008   Data   RO          224    .rodata.cst8        gd32f4xx_rcu.o
    0x08001240   0x08001240   0x00000027   Data   RO           60    .rodata.str1.1      main.o
    0x08001267   0x08001267   0x00000001   PAD
    0x08001268   0x08001268   0x00000020   Data   RO         1949    Region$$Table       anon$$obj.o


    Execution Region RW_IRAM1 (Exec base: 0x20000000, Load base: 0x08001288, Size: 0x000004b0, Max: 0x00020000, ABSOLUTE)

    Exec Addr    Load Addr    Size         Type   Attr      Idx    E Section Name        Object

    0x20000000   0x08001288   0x00000004   Data   RW         1917    .data               mc_w.l(stdout.o)
    0x20000004   0x0800128c   0x00000004   Data   RW           83    .data.SystemCoreClock  system_gd32f4xx.o
    0x20000008        -       0x00000081   Zero   RW         1419    .bss.RX0_Buffer     usart0.o
    0x20000089   0x08001290   0x00000003   PAD
    0x2000008c        -       0x00000004   Zero   RW           37    .bss.delay          systick.o
    0x20000090        -       0x00000001   Zero   RW           59    .bss.flag           main.o
    0x20000091   0x08001290   0x00000003   PAD
    0x20000094        -       0x00000004   Zero   RW          697    .bss.pmu_to_deepsleepmode.reg_snap.0  gd32f4xx_pmu.o
    0x20000098        -       0x00000004   Zero   RW          698    .bss.pmu_to_deepsleepmode.reg_snap.1  gd32f4xx_pmu.o
    0x2000009c        -       0x00000004   Zero   RW          699    .bss.pmu_to_deepsleepmode.reg_snap.2  gd32f4xx_pmu.o
    0x200000a0        -       0x00000004   Zero   RW          700    .bss.pmu_to_deepsleepmode.reg_snap.3  gd32f4xx_pmu.o
    0x200000a4        -       0x00000004   Zero   RW         1481    .bss.rx2_cnt        usart2.o
    0x200000a8        -       0x00000008   Zero   RW           38    .bss.tick_us        systick.o
    0x200000b0        -       0x00000400   Zero   RW           69    STACK               startup_gd32f407_427.o


==============================================================================

Image component sizes


      Code (inc. data)   RO Data    RW Data    ZI Data      Debug   Object Name

       108          0          0          0          0       6551   exti.o
       434          0          0          0          0      10898   gd32f4xx_dma.o
       202          0          0          0          0       3343   gd32f4xx_exti.o
       272          0          0          0          0       5380   gd32f4xx_gpio.o
        20          0          0          0          0       1117   gd32f4xx_it.o
       184          0          0          0          0       3615   gd32f4xx_misc.o
       412          0          0          0         16       6171   gd32f4xx_pmu.o
       280         20          8          0          0      18927   gd32f4xx_rcu.o
       132          4          0          0          0       3954   gd32f4xx_syscfg.o
       584          0          0          0          0      13479   gd32f4xx_usart.o
       250         14         39          0          1       3157   main.o
        36          8        392          0       1024        948   startup_gd32f407_427.o
       342          0          0          4          0       2489   system_gd32f4xx.o
       144          0          0          0         12       4693   systick.o
       584          0          0          0        129       8341   usart0.o
        88          0          0          0          4       6665   usart2.o

    ----------------------------------------------------------------------
      4136         46        472          4       1192      99728   Object Totals
         0          0         32          0          0          0   (incl. Generated)
        64          0          1          0          6          0   (incl. Padding)

    ----------------------------------------------------------------------

      Code (inc. data)   RO Data    RW Data    ZI Data      Debug   Library Member Name

         0          0          0          0          0          0   entry.o
         0          0          0          0          0          0   entry10a.o
         0          0          0          0          0          0   entry11a.o
         8          4          0          0          0          0   entry2.o
         4          0          0          0          0          0   entry5.o
         0          0          0          0          0          0   entry7b.o
         0          0          0          0          0          0   entry8b.o
         8          4          0          0          0          0   entry9a.o
        30          0          0          0          0          0   handlers.o
        48         10          0          0          0         68   init.o
        36          6          0          0          0         80   puts.o
         0          0          0          4          0          0   stdout.o

    ----------------------------------------------------------------------
       136         24          0          4          0        148   Library Totals
         2          0          0          0          0          0   (incl. Padding)

    ----------------------------------------------------------------------

      Code (inc. data)   RO Data    RW Data    ZI Data      Debug   Library Name

       134         24          0          4          0        148   mc_w.l

    ----------------------------------------------------------------------
       136         24          0          4          0        148   Library Totals

    ----------------------------------------------------------------------

==============================================================================


      Code (inc. data)   RO Data    RW Data    ZI Data      Debug   

      4272         70        472          8       1192      99800   Grand Totals
      4272         70        472          8       1192      99800   ELF Image Totals
      4272         70        472          8          0          0   ROM Totals

==============================================================================

    Total RO  Size (Code + RO Data)                 4744 (   4.63kB)
    Total RW  Size (RW Data + ZI Data)              1200 (   1.17kB)
    Total ROM Size (Code + RO Data + RW Data)       4752 (   4.64kB)

==============================================================================

